Archive member included to satisfy reference by file (symbol)

/opt/st/stm32cubeide_1.8.0/plugins/com.st.stm32cube.ide.mcu.externaltools.gnu-tools-for-stm32.9-2020-q2-update.linux64_2.0.0.202105311346/tools/bin/../lib/gcc/arm-none-eabi/9.3.1/../../../../arm-none-eabi/lib/thumb/v7e-m+fp/hard/libc_nano.a(lib_a-atoi.o)
                              ./Core/Src/main.o (atoi)
/opt/st/stm32cubeide_1.8.0/plugins/com.st.stm32cube.ide.mcu.externaltools.gnu-tools-for-stm32.9-2020-q2-update.linux64_2.0.0.202105311346/tools/bin/../lib/gcc/arm-none-eabi/9.3.1/../../../../arm-none-eabi/lib/thumb/v7e-m+fp/hard/libc_nano.a(lib_a-errno.o)
                              ./Core/Src/syscalls.o (__errno)
/opt/st/stm32cubeide_1.8.0/plugins/com.st.stm32cube.ide.mcu.externaltools.gnu-tools-for-stm32.9-2020-q2-update.linux64_2.0.0.202105311346/tools/bin/../lib/gcc/arm-none-eabi/9.3.1/../../../../arm-none-eabi/lib/thumb/v7e-m+fp/hard/libc_nano.a(lib_a-exit.o)
                              /opt/st/stm32cubeide_1.8.0/plugins/com.st.stm32cube.ide.mcu.externaltools.gnu-tools-for-stm32.9-2020-q2-update.linux64_2.0.0.202105311346/tools/bin/../lib/gcc/arm-none-eabi/9.3.1/../../../../arm-none-eabi/lib/thumb/v7e-m+fp/hard/crt0.o (exit)
/opt/st/stm32cubeide_1.8.0/plugins/com.st.stm32cube.ide.mcu.externaltools.gnu-tools-for-stm32.9-2020-q2-update.linux64_2.0.0.202105311346/tools/bin/../lib/gcc/arm-none-eabi/9.3.1/../../../../arm-none-eabi/lib/thumb/v7e-m+fp/hard/libc_nano.a(lib_a-impure.o)
                              /opt/st/stm32cubeide_1.8.0/plugins/com.st.stm32cube.ide.mcu.externaltools.gnu-tools-for-stm32.9-2020-q2-update.linux64_2.0.0.202105311346/tools/bin/../lib/gcc/arm-none-eabi/9.3.1/../../../../arm-none-eabi/lib/thumb/v7e-m+fp/hard/libc_nano.a(lib_a-exit.o) (_global_impure_ptr)
/opt/st/stm32cubeide_1.8.0/plugins/com.st.stm32cube.ide.mcu.externaltools.gnu-tools-for-stm32.9-2020-q2-update.linux64_2.0.0.202105311346/tools/bin/../lib/gcc/arm-none-eabi/9.3.1/../../../../arm-none-eabi/lib/thumb/v7e-m+fp/hard/libc_nano.a(lib_a-init.o)
                              /opt/st/stm32cubeide_1.8.0/plugins/com.st.stm32cube.ide.mcu.externaltools.gnu-tools-for-stm32.9-2020-q2-update.linux64_2.0.0.202105311346/tools/bin/../lib/gcc/arm-none-eabi/9.3.1/../../../../arm-none-eabi/lib/thumb/v7e-m+fp/hard/crt0.o (__libc_init_array)
/opt/st/stm32cubeide_1.8.0/plugins/com.st.stm32cube.ide.mcu.externaltools.gnu-tools-for-stm32.9-2020-q2-update.linux64_2.0.0.202105311346/tools/bin/../lib/gcc/arm-none-eabi/9.3.1/../../../../arm-none-eabi/lib/thumb/v7e-m+fp/hard/libc_nano.a(lib_a-isalnum.o)
                              ./Core/Src/stn1110.o (isalnum)
/opt/st/stm32cubeide_1.8.0/plugins/com.st.stm32cube.ide.mcu.externaltools.gnu-tools-for-stm32.9-2020-q2-update.linux64_2.0.0.202105311346/tools/bin/../lib/gcc/arm-none-eabi/9.3.1/../../../../arm-none-eabi/lib/thumb/v7e-m+fp/hard/libc_nano.a(lib_a-malloc.o)
                              ./Core/Src/main.o (malloc)
/opt/st/stm32cubeide_1.8.0/plugins/com.st.stm32cube.ide.mcu.externaltools.gnu-tools-for-stm32.9-2020-q2-update.linux64_2.0.0.202105311346/tools/bin/../lib/gcc/arm-none-eabi/9.3.1/../../../../arm-none-eabi/lib/thumb/v7e-m+fp/hard/libc_nano.a(lib_a-memset.o)
                              /opt/st/stm32cubeide_1.8.0/plugins/com.st.stm32cube.ide.mcu.externaltools.gnu-tools-for-stm32.9-2020-q2-update.linux64_2.0.0.202105311346/tools/bin/../lib/gcc/arm-none-eabi/9.3.1/../../../../arm-none-eabi/lib/thumb/v7e-m+fp/hard/crt0.o (memset)
/opt/st/stm32cubeide_1.8.0/plugins/com.st.stm32cube.ide.mcu.externaltools.gnu-tools-for-stm32.9-2020-q2-update.linux64_2.0.0.202105311346/tools/bin/../lib/gcc/arm-none-eabi/9.3.1/../../../../arm-none-eabi/lib/thumb/v7e-m+fp/hard/libc_nano.a(lib_a-nano-freer.o)
                              /opt/st/stm32cubeide_1.8.0/plugins/com.st.stm32cube.ide.mcu.externaltools.gnu-tools-for-stm32.9-2020-q2-update.linux64_2.0.0.202105311346/tools/bin/../lib/gcc/arm-none-eabi/9.3.1/../../../../arm-none-eabi/lib/thumb/v7e-m+fp/hard/libc_nano.a(lib_a-malloc.o) (_free_r)
/opt/st/stm32cubeide_1.8.0/plugins/com.st.stm32cube.ide.mcu.externaltools.gnu-tools-for-stm32.9-2020-q2-update.linux64_2.0.0.202105311346/tools/bin/../lib/gcc/arm-none-eabi/9.3.1/../../../../arm-none-eabi/lib/thumb/v7e-m+fp/hard/libc_nano.a(lib_a-nano-mallocr.o)
                              /opt/st/stm32cubeide_1.8.0/plugins/com.st.stm32cube.ide.mcu.externaltools.gnu-tools-for-stm32.9-2020-q2-update.linux64_2.0.0.202105311346/tools/bin/../lib/gcc/arm-none-eabi/9.3.1/../../../../arm-none-eabi/lib/thumb/v7e-m+fp/hard/libc_nano.a(lib_a-malloc.o) (_malloc_r)
/opt/st/stm32cubeide_1.8.0/plugins/com.st.stm32cube.ide.mcu.externaltools.gnu-tools-for-stm32.9-2020-q2-update.linux64_2.0.0.202105311346/tools/bin/../lib/gcc/arm-none-eabi/9.3.1/../../../../arm-none-eabi/lib/thumb/v7e-m+fp/hard/libc_nano.a(lib_a-nano-vfprintf_float.o)
                              (_printf_float)
[...]
Memory Configuration

Name             Origin             Length             Attributes
RAM              0x0000000020000000 0x0000000000020000 xrw
FLASH            0x0000000008000000 0x0000000000080000 xr
*default*        0x0000000000000000 0xffffffffffffffff

Linker script and memory map

LOAD /opt/st/stm32cubeide_1.8.0/plugins/com.st.stm32cube.ide.mcu.externaltools.gnu-tools-for-stm32.9-2020-q2-update.linux64_2.0.0.202105311346/tools/bin/../lib/gcc/arm-none-eabi/9.3.1/thumb/v7e-m+fp/hard/crti.o
LOAD /opt/st/stm32cubeide_1.8.0/plugins/com.st.stm32cube.ide.mcu.externaltools.gnu-tools-for-stm32.9-2020-q2-update.linux64_2.0.0.202105311346/tools/bin/../lib/gcc/arm-none-eabi/9.3.1/thumb/v7e-m+fp/hard/crtbegin.o
LOAD /opt/st/stm32cubeide_1.8.0/plugins/com.st.stm32cube.ide.mcu.externaltools.gnu-tools-for-stm32.9-2020-q2-update.linux64_2.0.0.202105311346/tools/bin/../lib/gcc/arm-none-eabi/9.3.1/../../../../arm-none-eabi/lib/thumb/v7e-m+fp/hard/crt0.o
LOAD ./Core/Src/ArduinoWrapper.o
LOAD ./Core/Src/UartRingbuffer.o
LOAD ./Core/Src/UartRingbuffer2.o
LOAD ./Core/Src/dma.o
LOAD ./Core/Src/gpio.o
LOAD ./Core/Src/main.o
LOAD ./Core/Src/sdio.o
LOAD ./Core/Src/stm32f4xx_hal_msp.o
LOAD ./Core/Src/stm32f4xx_it.o
LOAD ./Core/Src/stn1110.o
LOAD ./Core/Src/syscalls.o
LOAD ./Core/Src/sysmem.o
LOAD ./Core/Src/system_stm32f4xx.o
LOAD ./Core/Src/usart.o
LOAD ./Core/Startup/startup_stm32f411retx.o
LOAD ./Drivers/STM32F4xx_HAL_Driver/Src/stm32f4xx_hal.o
LOAD ./Drivers/STM32F4xx_HAL_Driver/Src/stm32f4xx_hal_cortex.o
LOAD ./Drivers/STM32F4xx_HAL_Driver/Src/stm32f4xx_hal_dma.o
LOAD ./Drivers/STM32F4xx_HAL_Driver/Src/stm32f4xx_hal_dma_ex.o
LOAD ./Drivers/STM32F4xx_HAL_Driver/Src/stm32f4xx_hal_exti.o
LOAD ./Drivers/STM32F4xx_HAL_Driver/Src/stm32f4xx_hal_flash.o
LOAD ./Drivers/STM32F4xx_HAL_Driver/Src/stm32f4xx_hal_flash_ex.o
LOAD ./Drivers/STM32F4xx_HAL_Driver/Src/stm32f4xx_hal_flash_ramfunc.o
LOAD ./Drivers/STM32F4xx_HAL_Driver/Src/stm32f4xx_hal_gpio.o
LOAD ./Drivers/STM32F4xx_HAL_Driver/Src/stm32f4xx_hal_pwr.o
LOAD ./Drivers/STM32F4xx_HAL_Driver/Src/stm32f4xx_hal_pwr_ex.o
LOAD ./Drivers/STM32F4xx_HAL_Driver/Src/stm32f4xx_hal_rcc.o
LOAD ./Drivers/STM32F4xx_HAL_Driver/Src/stm32f4xx_hal_rcc_ex.o
LOAD ./Drivers/STM32F4xx_HAL_Driver/Src/stm32f4xx_hal_sd.o
LOAD ./Drivers/STM32F4xx_HAL_Driver/Src/stm32f4xx_hal_tim.o
LOAD ./Drivers/STM32F4xx_HAL_Driver/Src/stm32f4xx_hal_tim_ex.o
LOAD ./Drivers/STM32F4xx_HAL_Driver/Src/stm32f4xx_hal_uart.o
LOAD ./Drivers/STM32F4xx_HAL_Driver/Src/stm32f4xx_ll_sdmmc.o
LOAD ./FATFS/App/fatfs.o
LOAD ./FATFS/Target/bsp_driver_sd.o
LOAD ./FATFS/Target/sd_diskio.o
LOAD ./Middlewares/Third_Party/FatFs/src/diskio.o
LOAD ./Middlewares/Third_Party/FatFs/src/ff.o
LOAD ./Middlewares/Third_Party/FatFs/src/ff_gen_drv.o
LOAD ./Middlewares/Third_Party/FatFs/src/option/syscall.o
START GROUP
LOAD /opt/st/stm32cubeide_1.8.0/plugins/com.st.stm32cube.ide.mcu.externaltools.gnu-tools-for-stm32.9-2020-q2-update.linux64_2.0.0.202105311346/tools/bin/../lib/gcc/arm-none-eabi/9.3.1/../../../../arm-none-eabi/lib/thumb/v7e-m+fp/hard/libstdc++_nano.a
LOAD /opt/st/stm32cubeide_1.8.0/plugins/com.st.stm32cube.ide.mcu.externaltools.gnu-tools-for-stm32.9-2020-q2-update.linux64_2.0.0.202105311346/tools/bin/../lib/gcc/arm-none-eabi/9.3.1/../../../../arm-none-eabi/lib/thumb/v7e-m+fp/hard/libsupc++_nano.a
END GROUP
LOAD /opt/st/stm32cubeide_1.8.0/plugins/com.st.stm32cube.ide.mcu.externaltools.gnu-tools-for-stm32.9-2020-q2-update.linux64_2.0.0.202105311346/tools/bin/../lib/gcc/arm-none-eabi/9.3.1/../../../../arm-none-eabi/lib/thumb/v7e-m+fp/hard/libstdc++_nano.a
LOAD /opt/st/stm32cubeide_1.8.0/plugins/com.st.stm32cube.ide.mcu.externaltools.gnu-tools-for-stm32.9-2020-q2-update.linux64_2.0.0.202105311346/tools/bin/../lib/gcc/arm-none-eabi/9.3.1/../../../../arm-none-eabi/lib/thumb/v7e-m+fp/hard/libm.a
LOAD /opt/st/stm32cubeide_1.8.0/plugins/com.st.stm32cube.ide.mcu.externaltools.gnu-tools-for-stm32.9-2020-q2-update.linux64_2.0.0.202105311346/tools/bin/../lib/gcc/arm-none-eabi/9.3.1/../../../../arm-none-eabi/lib/thumb/v7e-m+fp/hard/libc_nano.a
START GROUP
LOAD /opt/st/stm32cubeide_1.8.0/plugins/com.st.stm32cube.ide.mcu.externaltools.gnu-tools-for-stm32.9-2020-q2-update.linux64_2.0.0.202105311346/tools/bin/../lib/gcc/arm-none-eabi/9.3.1/thumb/v7e-m+fp/hard/libgcc.a
LOAD /opt/st/stm32cubeide_1.8.0/plugins/com.st.stm32cube.ide.mcu.externaltools.gnu-tools-for-stm32.9-2020-q2-update.linux64_2.0.0.202105311346/tools/bin/../lib/gcc/arm-none-eabi/9.3.1/../../../../arm-none-eabi/lib/thumb/v7e-m+fp/hard/libc_nano.a
END GROUP
START GROUP
LOAD /opt/st/stm32cubeide_1.8.0/plugins/com.st.stm32cube.ide.mcu.externaltools.gnu-tools-for-stm32.9-2020-q2-update.linux64_2.0.0.202105311346/tools/bin/../lib/gcc/arm-none-eabi/9.3.1/thumb/v7e-m+fp/hard/libgcc.a
LOAD /opt/st/stm32cubeide_1.8.0/plugins/com.st.stm32cube.ide.mcu.externaltools.gnu-tools-for-stm32.9-2020-q2-update.linux64_2.0.0.202105311346/tools/bin/../lib/gcc/arm-none-eabi/9.3.1/../../../../arm-none-eabi/lib/thumb/v7e-m+fp/hard/libc_nano.a
LOAD /opt/st/stm32cubeide_1.8.0/plugins/com.st.stm32cube.ide.mcu.externaltools.gnu-tools-for-stm32.9-2020-q2-update.linux64_2.0.0.202105311346/tools/bin/../lib/gcc/arm-none-eabi/9.3.1/../../../../arm-none-eabi/lib/thumb/v7e-m+fp/hard/libnosys.a
END GROUP
START GROUP
LOAD /opt/st/stm32cubeide_1.8.0/plugins/com.st.stm32cube.ide.mcu.externaltools.gnu-tools-for-stm32.9-2020-q2-update.linux64_2.0.0.202105311346/tools/bin/../lib/gcc/arm-none-eabi/9.3.1/thumb/v7e-m+fp/hard/libgcc.a
LOAD /opt/st/stm32cubeide_1.8.0/plugins/com.st.stm32cube.ide.mcu.externaltools.gnu-tools-for-stm32.9-2020-q2-update.linux64_2.0.0.202105311346/tools/bin/../lib/gcc/arm-none-eabi/9.3.1/../../../../arm-none-eabi/lib/thumb/v7e-m+fp/hard/libc_nano.a
LOAD /opt/st/stm32cubeide_1.8.0/plugins/com.st.stm32cube.ide.mcu.externaltools.gnu-tools-for-stm32.9-2020-q2-update.linux64_2.0.0.202105311346/tools/bin/../lib/gcc/arm-none-eabi/9.3.1/../../../../arm-none-eabi/lib/thumb/v7e-m+fp/hard/libnosys.a
END GROUP
LOAD /opt/st/stm32cubeide_1.8.0/plugins/com.st.stm32cube.ide.mcu.externaltools.gnu-tools-for-stm32.9-2020-q2-update.linux64_2.0.0.202105311346/tools/bin/../lib/gcc/arm-none-eabi/9.3.1/thumb/v7e-m+fp/hard/crtend.o
LOAD /opt/st/stm32cubeide_1.8.0/plugins/com.st.stm32cube.ide.mcu.externaltools.gnu-tools-for-stm32.9-2020-q2-update.linux64_2.0.0.202105311346/tools/bin/../lib/gcc/arm-none-eabi/9.3.1/thumb/v7e-m+fp/hard/crtn.o
                0x0000000020020000                _estack = (ORIGIN (RAM) + LENGTH (RAM))
                0x0000000000000200                _Min_Heap_Size = 0x200
                0x0000000000000400                _Min_Stack_Size = 0x400

.isr_vector     0x0000000008000000      0x198
                0x0000000008000000                . = ALIGN (0x4)
 *(.isr_vector)
 .isr_vector    0x0000000008000000      0x198 ./Core/Startup/startup_stm32f411retx.o
                0x0000000008000000                g_pfnVectors
                0x0000000008000198                . = ALIGN (0x4)

.text           0x00000000080001a0    0x1218c
                0x00000000080001a0                . = ALIGN (0x4)
 *(.text)
 .text          0x00000000080001a0       0x40 /opt/st/stm32cubeide_1.8.0/plugins/com.st.stm32cube.ide.mcu.externaltools.gnu-tools-for-stm32.9-2020-q2-update.linux64_2.0.0.202105311346/tools/bin/../lib/gcc/arm-none-eabi/9.3.1/thumb/v7e-m+fp/hard/crtbegin.o
 .text          0x00000000080001e0       0x10 /opt/st/stm32cubeide_1.8.0/plugins/com.st.stm32cube.ide.mcu.externaltools.gnu-tools-for-stm32.9-2020-q2-update.linux64_2.0.0.202105311346/tools/bin/../lib/gcc/arm-none-eabi/9.3.1/../../../../arm-none-eabi/lib/thumb/v7e-m+fp/hard/libc_nano.a(lib_a-strlen.o)
                0x00000000080001e0                strlen
 .text          0x00000000080001f0       0xa0 /opt/st/stm32cubeide_1.8.0/plugins/com.st.stm32cube.ide.mcu.externaltools.gnu-tools-for-stm32.9-2020-q2-update.linux64_2.0.0.202105311346/tools/bin/../lib/gcc/arm-none-eabi/9.3.1/../../../../arm-none-eabi/lib/thumb/v7e-m+fp/hard/libc_nano.a(lib_a-memchr.o)
                0x00000000080001f0                memchr
 .text          0x0000000008000290      0x378 /opt/st/stm32cubeide_1.8.0/plugins/com.st.stm32cube.ide.mcu.externaltools.gnu-tools-for-stm32.9-2020-q2-update.linux64_2.0.0.202105311346/tools/bin/../lib/gcc/arm-none-eabi/9.3.1/thumb/v7e-m+fp/hard/libgcc.a(_arm_addsubdf3.o)
                0x0000000008000290                __aeabi_drsub
                0x0000000008000298                __aeabi_dsub
                0x0000000008000298                __subdf3
                0x000000000800029c                __adddf3
                0x000000000800029c                __aeabi_dadd
                0x0000000008000514                __aeabi_ui2d
                0x0000000008000514                __floatunsidf
                0x0000000008000534                __floatsidf
                0x0000000008000534                __aeabi_i2d
                0x0000000008000558                __extendsfdf2
                0x0000000008000558                __aeabi_f2d
                0x000000000800059c                __aeabi_ul2d
                0x000000000800059c                __floatundidf
                0x00000000080005ac                __floatdidf
                0x00000000080005ac                __aeabi_l2d
 .text          0x0000000008000608      0x424 /opt/st/stm32cubeide_1.8.0/plugins/com.st.stm32cube.ide.mcu.externaltools.gnu-tools-for-stm32.9-2020-q2-update.linux64_2.0.0.202105311346/tools/bin/../lib/gcc/arm-none-eabi/9.3.1/thumb/v7e-m+fp/hard/libgcc.a(_arm_muldivdf3.o)
                0x0000000008000608                __aeabi_dmul
                0x0000000008000608                __muldf3
                0x000000000800085c                __aeabi_ddiv
                0x000000000800085c                __divdf3
 .text          0x0000000008000a2c      0x110 /opt/st/stm32cubeide_1.8.0/plugins/com.st.stm32cube.ide.mcu.externaltools.gnu-tools-for-stm32.9-2020-q2-update.linux64_2.0.0.202105311346/tools/bin/../lib/gcc/arm-none-eabi/9.3.1/thumb/v7e-m+fp/hard/libgcc.a(_arm_cmpdf2.o)
                0x0000000008000a2c                __gtdf2
                0x0000000008000a2c                __gedf2
                0x0000000008000a34                __ltdf2
                0x0000000008000a34                __ledf2
                0x0000000008000a3c                __cmpdf2
                0x0000000008000a3c                __eqdf2
                0x0000000008000a3c                __nedf2
                0x0000000008000ab8                __aeabi_cdrcmple
                0x0000000008000ac8                __aeabi_cdcmple
                0x0000000008000ac8                __aeabi_cdcmpeq
                0x0000000008000ad8                __aeabi_dcmpeq
                0x0000000008000aec                __aeabi_dcmplt
                0x0000000008000b00                __aeabi_dcmple
                0x0000000008000b14                __aeabi_dcmpge
                0x0000000008000b28                __aeabi_dcmpgt
 .text          0x0000000008000b3c       0x2c /opt/st/stm32cubeide_1.8.0/plugins/com.st.stm32cube.ide.mcu.externaltools.gnu-tools-for-stm32.9-2020-q2-update.linux64_2.0.0.202105311346/tools/bin/../lib/gcc/arm-none-eabi/9.3.1/thumb/v7e-m+fp/hard/libgcc.a(_arm_unorddf2.o)
                0x0000000008000b3c                __aeabi_dcmpun
                0x0000000008000b3c                __unorddf2
 .text          0x0000000008000b68       0x50 /opt/st/stm32cubeide_1.8.0/plugins/com.st.stm32cube.ide.mcu.externaltools.gnu-tools-for-stm32.9-2020-q2-update.linux64_2.0.0.202105311346/tools/bin/../lib/gcc/arm-none-eabi/9.3.1/thumb/v7e-m+fp/hard/libgcc.a(_arm_fixdfsi.o)
                0x0000000008000b68                __fixdfsi
                0x0000000008000b68                __aeabi_d2iz
 .text          0x0000000008000bb8       0x40 /opt/st/stm32cubeide_1.8.0/plugins/com.st.stm32cube.ide.mcu.externaltools.gnu-tools-for-stm32.9-2020-q2-update.linux64_2.0.0.202105311346/tools/bin/../lib/gcc/arm-none-eabi/9.3.1/thumb/v7e-m+fp/hard/libgcc.a(_arm_fixunsdfsi.o)
                0x0000000008000bb8                __fixunsdfsi
                0x0000000008000bb8                __aeabi_d2uiz
 .text          0x0000000008000bf8       0xa0 /opt/st/stm32cubeide_1.8.0/plugins/com.st.stm32cube.ide.mcu.externaltools.gnu-tools-for-stm32.9-2020-q2-update.linux64_2.0.0.202105311346/tools/bin/../lib/gcc/arm-none-eabi/9.3.1/thumb/v7e-m+fp/hard/libgcc.a(_arm_truncdfsf2.o)
                0x0000000008000bf8                __aeabi_d2f
                0x0000000008000bf8                __truncdfsf2
 .text          0x0000000008000c98      0x21c /opt/st/stm32cubeide_1.8.0/plugins/com.st.stm32cube.ide.mcu.externaltools.gnu-tools-for-stm32.9-2020-q2-update.linux64_2.0.0.202105311346/tools/bin/../lib/gcc/arm-none-eabi/9.3.1/thumb/v7e-m+fp/hard/libgcc.a(_arm_addsubsf3.o)
                0x0000000008000c98                __aeabi_frsub
                0x0000000008000ca0                __subsf3
                0x0000000008000ca0                __aeabi_fsub
                0x0000000008000ca4                __aeabi_fadd
                0x0000000008000ca4                __addsf3
                0x0000000008000e04                __aeabi_ui2f
                0x0000000008000e04                __floatunsisf
                0x0000000008000e0c                __aeabi_i2f
                0x0000000008000e0c                __floatsisf
                0x0000000008000e28                __floatundisf
                0x0000000008000e28                __aeabi_ul2f
                0x0000000008000e38                __floatdisf
                0x0000000008000e38                __aeabi_l2f
 .text          0x0000000008000eb4       0x30 /opt/st/stm32cubeide_1.8.0/plugins/com.st.stm32cube.ide.mcu.externaltools.gnu-tools-for-stm32.9-2020-q2-update.linux64_2.0.0.202105311346/tools/bin/../lib/gcc/arm-none-eabi/9.3.1/thumb/v7e-m+fp/hard/libgcc.a(_aeabi_uldivmod.o)
                0x0000000008000eb4                __aeabi_uldivmod
 .text          0x0000000008000ee4       0x30 /opt/st/stm32cubeide_1.8.0/plugins/com.st.stm32cube.ide.mcu.externaltools.gnu-tools-for-stm32.9-2020-q2-update.linux64_2.0.0.202105311346/tools/bin/../lib/gcc/arm-none-eabi/9.3.1/thumb/v7e-m+fp/hard/libgcc.a(_fixdfdi.o)
                0x0000000008000ee4                __aeabi_d2lz
                0x0000000008000ee4                __fixdfdi
 .text          0x0000000008000f14       0x3c /opt/st/stm32cubeide_1.8.0/plugins/com.st.stm32cube.ide.mcu.externaltools.gnu-tools-for-stm32.9-2020-q2-update.linux64_2.0.0.202105311346/tools/bin/../lib/gcc/arm-none-eabi/9.3.1/thumb/v7e-m+fp/hard/libgcc.a(_fixunsdfdi.o)
                0x0000000008000f14                __aeabi_d2ulz
                0x0000000008000f14                __fixunsdfdi
 .text          0x0000000008000f50      0x2c4 /opt/st/stm32cubeide_1.8.0/plugins/com.st.stm32cube.ide.mcu.externaltools.gnu-tools-for-stm32.9-2020-q2-update.linux64_2.0.0.202105311346/tools/bin/../lib/gcc/arm-none-eabi/9.3.1/thumb/v7e-m+fp/hard/libgcc.a(_udivmoddi4.o)
                0x0000000008000f50                __udivmoddi4
 .text          0x0000000008001214        0x4 /opt/st/stm32cubeide_1.8.0/plugins/com.st.stm32cube.ide.mcu.externaltools.gnu-tools-for-stm32.9-2020-q2-update.linux64_2.0.0.202105311346/tools/bin/../lib/gcc/arm-none-eabi/9.3.1/thumb/v7e-m+fp/hard/libgcc.a(_dvmd_tls.o)
                0x0000000008001214                __aeabi_ldiv0
                0x0000000008001214                __aeabi_idiv0
 *(.text*)
 .text.__io_putchar
                0x0000000008001218       0x24 ./Core/Src/ArduinoWrapper.o
                0x0000000008001218                __io_putchar
 .text.Ringbuf_init
                0x000000000800123c       0x50 ./Core/Src/UartRingbuffer.o
                0x000000000800123c                Ringbuf_init
 .text.store_char
                0x000000000800128c       0x46 ./Core/Src/UartRingbuffer.o
                0x000000000800128c                store_char
 *fill*         0x00000000080012d2        0x2 
 .text.Uart_read
                0x00000000080012d4       0x58 ./Core/Src/UartRingbuffer.o
                0x00000000080012d4                Uart_read
 .text.Uart_write
                0x000000000800132c       0x78 ./Core/Src/UartRingbuffer.o
                0x000000000800132c                Uart_write
 .text.IsDataAvailable
                0x00000000080013a4       0x34 ./Core/Src/UartRingbuffer.o
                0x00000000080013a4                IsDataAvailable
 .text.Uart_sendstring
                0x00000000080013d8       0x2a ./Core/Src/UartRingbuffer.o
                0x00000000080013d8                Uart_sendstring
 *fill*         0x0000000008001402        0x2 
 .text.Uart_flush
                0x0000000008001404       0x30 ./Core/Src/UartRingbuffer.o
                0x0000000008001404                Uart_flush
 .text.Uart_isr
                0x0000000008001434       0xbc ./Core/Src/UartRingbuffer.o
                0x0000000008001434                Uart_isr
 .text.Ringbuf_init2
                0x00000000080014f0       0x50 ./Core/Src/UartRingbuffer2.o
                0x00000000080014f0                Ringbuf_init2
 .text.store_char2
                0x0000000008001540       0x46 ./Core/Src/UartRingbuffer2.o
                0x0000000008001540                store_char2
 *fill*         0x0000000008001586        0x2 
 .text.Uart_read2
                0x0000000008001588       0x58 ./Core/Src/UartRingbuffer2.o
                0x0000000008001588                Uart_read2
 .text.Uart_write2
                0x00000000080015e0       0x78 ./Core/Src/UartRingbuffer2.o
                0x00000000080015e0                Uart_write2
 .text.IsDataAvailable2
                0x0000000008001658       0x34 ./Core/Src/UartRingbuffer2.o
                0x0000000008001658                IsDataAvailable2
 .text.Uart_sendstring2
                0x000000000800168c       0x2a ./Core/Src/UartRingbuffer2.o
                0x000000000800168c                Uart_sendstring2
 *fill*         0x00000000080016b6        0x2 
 .text.Uart_flush2
                0x00000000080016b8       0x30 ./Core/Src/UartRingbuffer2.o
                0x00000000080016b8                Uart_flush2
 .text.Uart_isr2
                0x00000000080016e8       0xbc ./Core/Src/UartRingbuffer2.o
                0x00000000080016e8                Uart_isr2
 .text.MX_DMA_Init
                0x00000000080017a4       0x50 ./Core/Src/dma.o
                0x00000000080017a4                MX_DMA_Init
 .text.MX_GPIO_Init
                0x00000000080017f4       0xdc ./Core/Src/gpio.o
                0x00000000080017f4                MX_GPIO_Init
 .text.__NVIC_SystemReset
                0x00000000080018d0       0x2c ./Core/Src/main.o
 .text._ZSt5isnanf
                0x00000000080018fc       0x38 ./Core/Src/main.o
                0x00000000080018fc                std::isnan(float)
 .text._ZN7STN1110C2Ev
                0x0000000008001934       0x36 ./Core/Src/main.o
                0x0000000008001934                STN1110::STN1110()
                0x0000000008001934                STN1110::STN1110()
 *fill*         0x000000000800196a        0x2 
 .text.main     0x000000000800196c      0xb54 ./Core/Src/main.o
                0x000000000800196c                main
 .text._Z18SystemClock_Configv
                0x00000000080024c0       0xe4 ./Core/Src/main.o
                0x00000000080024c0                SystemClock_Config()
 .text._Z10printErrora
                0x00000000080025a4       0xc0 ./Core/Src/main.o
                0x00000000080025a4                printError(signed char)
 .text._Z11LogToSDcardv
                0x0000000008002664      0x4e4 ./Core/Src/main.o
                0x0000000008002664                LogToSDcard()
 .text._Z12LogToSDcard2v
                0x0000000008002b48      0x4d8 ./Core/Src/main.o
                0x0000000008002b48                LogToSDcard2()
 .text._Z16LogToSDcardErrora
                0x0000000008003020      0x288 ./Core/Src/main.o
                0x0000000008003020                LogToSDcardError(signed char)
 .text._Z13createNewfilev
                0x00000000080032a8      0x14c ./Core/Src/main.o
                0x00000000080032a8                createNewfile()
 .text._Z14createNewfile2v
                0x00000000080033f4      0x14c ./Core/Src/main.o
                0x00000000080033f4                createNewfile2()
 .text._Z16accelYpAlgorithmv
                0x0000000008003540       0x78 ./Core/Src/main.o
                0x0000000008003540                accelYpAlgorithm()
 .text._Z13fuelAlgorithmv
                0x00000000080035b8      0x120 ./Core/Src/main.o
                0x00000000080035b8                fuelAlgorithm()
 .text._Z34commandedThrottleActuatorAlgorithmv
                0x00000000080036d8      0x1e8 ./Core/Src/main.o
                0x00000000080036d8                commandedThrottleActuatorAlgorithm()
 .text._Z12rpmAlgorithmv
                0x00000000080038c0       0xac ./Core/Src/main.o
                0x00000000080038c0                rpmAlgorithm()
 .text._Z24efficiencyScoreAlgorithmv
                0x000000000800396c      0x260 ./Core/Src/main.o
                0x000000000800396c                efficiencyScoreAlgorithm()
 .text._Z25efficiencyScoreAlgorithm2v
                0x0000000008003bcc      0x264 ./Core/Src/main.o
                0x0000000008003bcc                efficiencyScoreAlgorithm2()
 .text._Z15accelXAlgorithmv
                0x0000000008003e30       0xc8 ./Core/Src/main.o
                0x0000000008003e30                accelXAlgorithm()
 .text._Z16accelYmAlgorithmv
                0x0000000008003ef8       0x78 ./Core/Src/main.o
                0x0000000008003ef8                accelYmAlgorithm()
 .text._Z17accelYmAlgorithm2v
                0x0000000008003f70       0x78 ./Core/Src/main.o
                0x0000000008003f70                accelYmAlgorithm2()
 .text._Z13timeAlgorithmv
                0x0000000008003fe8       0x54 ./Core/Src/main.o
                0x0000000008003fe8                timeAlgorithm()
 .text._Z15kphrpmAlgorithmv
                0x000000000800403c       0xc8 ./Core/Src/main.o
                0x000000000800403c                kphrpmAlgorithm()
 .text._Z20safetyScoreAlgorithmv
                0x0000000008004104      0x300 ./Core/Src/main.o
                0x0000000008004104                safetyScoreAlgorithm()
 .text._Z21drivingScoreAlgorithmv
                0x0000000008004404      0x250 ./Core/Src/main.o
                0x0000000008004404                drivingScoreAlgorithm()
 .text._Z28averagedrivingScoreAlgorithmv
                0x0000000008004654       0xa0 ./Core/Src/main.o
                0x0000000008004654                averagedrivingScoreAlgorithm()
 .text._Z14pre_DataUpdatev
                0x00000000080046f4      0x164 ./Core/Src/main.o
                0x00000000080046f4                pre_DataUpdate()
 .text._Z12counterResetv
                0x0000000008004858       0xd8 ./Core/Src/main.o
                0x0000000008004858                counterReset()
 .text._Z15errorValueResetv
                0x0000000008004930      0x100 ./Core/Src/main.o
                0x0000000008004930                errorValueReset()
 .text._Z12mafRateCheckf
                0x0000000008004a30       0x48 ./Core/Src/main.o
                0x0000000008004a30                mafRateCheck(float)
 .text._Z13Uart6_timeoutv
                0x0000000008004a78       0x30 ./Core/Src/main.o
                0x0000000008004a78                Uart6_timeout()
 .text._Z14flushInputBuffv
                0x0000000008004aa8       0x2c ./Core/Src/main.o
                0x0000000008004aa8                flushInputBuff()
 .text.Error_Handler
                0x0000000008004ad4        0xa ./Core/Src/main.o
                0x0000000008004ad4                Error_Handler
 *fill*         0x0000000008004ade        0x2 
 .text._Z41__static_initialization_and_destruction_0ii
                0x0000000008004ae0       0x2c ./Core/Src/main.o
 .text._GLOBAL__sub_I_f_pitch
                0x0000000008004b0c       0x10 ./Core/Src/main.o
 .text.MX_SDIO_SD_Init
                0x0000000008004b1c       0x40 ./Core/Src/sdio.o
                0x0000000008004b1c                MX_SDIO_SD_Init
 .text.HAL_SD_MspInit
                0x0000000008004b5c      0x224 ./Core/Src/sdio.o
                0x0000000008004b5c                HAL_SD_MspInit
 .text.HAL_MspInit
                0x0000000008004d80       0x50 ./Core/Src/stm32f4xx_hal_msp.o
                0x0000000008004d80                HAL_MspInit
 .text.NMI_Handler
                0x0000000008004dd0        0x6 ./Core/Src/stm32f4xx_it.o
                0x0000000008004dd0                NMI_Handler
 .text.HardFault_Handler
                0x0000000008004dd6        0x6 ./Core/Src/stm32f4xx_it.o
                0x0000000008004dd6                HardFault_Handler
 .text.MemManage_Handler
                0x0000000008004ddc        0x6 ./Core/Src/stm32f4xx_it.o
                0x0000000008004ddc                MemManage_Handler
 .text.BusFault_Handler
                0x0000000008004de2        0x6 ./Core/Src/stm32f4xx_it.o
                0x0000000008004de2                BusFault_Handler
 .text.UsageFault_Handler
                0x0000000008004de8        0x6 ./Core/Src/stm32f4xx_it.o
                0x0000000008004de8                UsageFault_Handler
 .text.SVC_Handler
                0x0000000008004dee        0xe ./Core/Src/stm32f4xx_it.o
                0x0000000008004dee                SVC_Handler
 .text.DebugMon_Handler
                0x0000000008004dfc        0xe ./Core/Src/stm32f4xx_it.o
                0x0000000008004dfc                DebugMon_Handler
 .text.PendSV_Handler
                0x0000000008004e0a        0xe ./Core/Src/stm32f4xx_it.o
                0x0000000008004e0a                PendSV_Handler
 .text.SysTick_Handler
                0x0000000008004e18        0xc ./Core/Src/stm32f4xx_it.o
                0x0000000008004e18                SysTick_Handler
 .text.USART1_IRQHandler
                0x0000000008004e24       0x14 ./Core/Src/stm32f4xx_it.o
                0x0000000008004e24                USART1_IRQHandler
 .text.SDIO_IRQHandler
                0x0000000008004e38       0x14 ./Core/Src/stm32f4xx_it.o
                0x0000000008004e38                SDIO_IRQHandler
 .text.DMA2_Stream3_IRQHandler
                0x0000000008004e4c       0x14 ./Core/Src/stm32f4xx_it.o
                0x0000000008004e4c                DMA2_Stream3_IRQHandler
 .text.DMA2_Stream6_IRQHandler
                0x0000000008004e60       0x14 ./Core/Src/stm32f4xx_it.o
                0x0000000008004e60                DMA2_Stream6_IRQHandler
 .text.USART6_IRQHandler
                0x0000000008004e74       0x14 ./Core/Src/stm32f4xx_it.o
                0x0000000008004e74                USART6_IRQHandler
 .text._ZN7STN11105beginEP20__UART_HandleTypeDefRKbRKtRKcS5_RKa
                0x0000000008004e88       0x98 ./Core/Src/stn1110.o
                0x0000000008004e88                STN1110::begin(__UART_HandleTypeDef*, bool const&, unsigned short const&, char const&, unsigned short const&, signed char const&)
 .text._ZN7STN111013initializeELMERKcRKa
                0x0000000008004f20       0x8c ./Core/Src/stn1110.o
                0x0000000008004f20                STN1110::initializeELM(char const&, signed char const&)
 .text._ZN7STN111016formatQueryArrayEht
                0x0000000008004fac      0x178 ./Core/Src/stn1110.o
                0x0000000008004fac                STN1110::formatQueryArray(unsigned char, unsigned short)
 .text._ZN7STN11105upperEPch
                0x0000000008005124       0x7c ./Core/Src/stn1110.o
                0x0000000008005124                STN1110::upper(char*, unsigned char)
 .text._ZN7STN11107timeoutEv
                0x00000000080051a0       0x32 ./Core/Src/stn1110.o
                0x00000000080051a0                STN1110::timeout()
 .text._ZN7STN11104ctoiEh
                0x00000000080051d2       0x2c ./Core/Src/stn1110.o
                0x00000000080051d2                STN1110::ctoi(unsigned char)
 .text._ZN7STN11109nextIndexEPKcS1_h
                0x00000000080051fe       0x64 ./Core/Src/stn1110.o
                0x00000000080051fe                STN1110::nextIndex(char const*, char const*, unsigned char)
 .text._ZN7STN111017conditionResponseERKyRKhRKfS5_
                0x0000000008005262       0x6c ./Core/Src/stn1110.o
                0x0000000008005262                STN1110::conditionResponse(unsigned long long const&, unsigned char const&, float const&, float const&)
 *fill*         0x00000000080052ce        0x2 
 .text._ZN7STN111014flushInputBuffEv
                0x00000000080052d0       0x40 ./Core/Src/stn1110.o
                0x00000000080052d0                STN1110::flushInputBuff()
 .text._ZN7STN11108queryPIDEht
                0x0000000008005310       0x34 ./Core/Src/stn1110.o
                0x0000000008005310                STN1110::queryPID(unsigned char, unsigned short)
 .text._ZN7STN111010engineLoadEv
                0x0000000008005344       0x68 ./Core/Src/stn1110.o
                0x0000000008005344                STN1110::engineLoad()
 .text._ZN7STN111017engineCoolantTempEv
                0x00000000080053ac       0x68 ./Core/Src/stn1110.o
                0x00000000080053ac                STN1110::engineCoolantTemp()
 .text._ZN7STN111016manifoldPressureEv
                0x0000000008005414       0x6c ./Core/Src/stn1110.o
                0x0000000008005414                STN1110::manifoldPressure()
 .text._ZN7STN11103rpmEv
                0x0000000008005480       0x64 ./Core/Src/stn1110.o
                0x0000000008005480                STN1110::rpm()
 .text._ZN7STN11103kphEv
                0x00000000080054e4       0x6a ./Core/Src/stn1110.o
                0x00000000080054e4                STN1110::kph()
 *fill*         0x000000000800554e        0x2 
 .text._ZN7STN111013intakeAirTempEv
                0x0000000008005550       0x68 ./Core/Src/stn1110.o
                0x0000000008005550                STN1110::intakeAirTemp()
 .text._ZN7STN11107mafRateEv
                0x00000000080055b8       0x68 ./Core/Src/stn1110.o
                0x00000000080055b8                STN1110::mafRate()
 .text._ZN7STN11108throttleEv
                0x0000000008005620       0x68 ./Core/Src/stn1110.o
                0x0000000008005620                STN1110::throttle()
 .text._ZN7STN111012obdStandardsEv
                0x0000000008005688       0x6c ./Core/Src/stn1110.o
                0x0000000008005688                STN1110::obdStandards()
 .text._ZN7STN11107runTimeEv
                0x00000000080056f4       0x6c ./Core/Src/stn1110.o
                0x00000000080056f4                STN1110::runTime()
 .text._ZN7STN111017distTravelWithMILEv
                0x0000000008005760       0x6c ./Core/Src/stn1110.o
                0x0000000008005760                STN1110::distTravelWithMIL()
 .text._ZN7STN11109fuelLevelEv
                0x00000000080057cc       0x68 ./Core/Src/stn1110.o
                0x00000000080057cc                STN1110::fuelLevel()
 .text._ZN7STN111021distSinceCodesClearedEv
                0x0000000008005834       0x6c ./Core/Src/stn1110.o
                0x0000000008005834                STN1110::distSinceCodesCleared()
 .text._ZN7STN111014ctrlModVoltageEv
                0x00000000080058a0       0x68 ./Core/Src/stn1110.o
                0x00000000080058a0                STN1110::ctrlModVoltage()
 .text._ZN7STN111021commandedAirFuelRatioEv
                0x0000000008005908       0x64 ./Core/Src/stn1110.o
                0x0000000008005908                STN1110::commandedAirFuelRatio()
 .text._ZN7STN111016relativeThrottleEv
                0x000000000800596c       0x68 ./Core/Src/stn1110.o
                0x000000000800596c                STN1110::relativeThrottle()
 .text._ZN7STN111014ambientAirTempEv
                0x00000000080059d4       0x68 ./Core/Src/stn1110.o
                0x00000000080059d4                STN1110::ambientAirTemp()
 .text._ZN7STN111025commandedThrottleActuatorEv
                0x0000000008005a3c       0x68 ./Core/Src/stn1110.o
                0x0000000008005a3c                STN1110::commandedThrottleActuator()
 .text._ZN7STN11108fuelTypeEv
                0x0000000008005aa4       0x6c ./Core/Src/stn1110.o
                0x0000000008005aa4                STN1110::fuelType()
 .text._ZN7STN111016relativePedalPosEv
                0x0000000008005b10       0x68 ./Core/Src/stn1110.o
                0x0000000008005b10                STN1110::relativePedalPos()
 .text._ZN7STN11107oilTempEv
                0x0000000008005b78       0x68 ./Core/Src/stn1110.o
                0x0000000008005b78                STN1110::oilTemp()
 .text._ZN7STN111011sendCommandEPKc
                0x0000000008005be0      0x38c ./Core/Src/stn1110.o
                0x0000000008005be0                STN1110::sendCommand(char const*)
 .text._ZN7STN111012findResponseEv
                0x0000000008005f6c      0x380 ./Core/Src/stn1110.o
                0x0000000008005f6c                STN1110::findResponse()
 .text._getpid  0x00000000080062ec       0x10 ./Core/Src/syscalls.o
                0x00000000080062ec                _getpid
 .text._kill    0x00000000080062fc       0x20 ./Core/Src/syscalls.o
                0x00000000080062fc                _kill
 .text._exit    0x000000000800631c       0x14 ./Core/Src/syscalls.o
                0x000000000800631c                _exit
 .text._read    0x0000000008006330       0x3a ./Core/Src/syscalls.o
                0x0000000008006330                _read
 .text._write   0x000000000800636a       0x38 ./Core/Src/syscalls.o
                0x000000000800636a                _write
 .text._close   0x00000000080063a2       0x18 ./Core/Src/syscalls.o
                0x00000000080063a2                _close
 .text._fstat   0x00000000080063ba       0x20 ./Core/Src/syscalls.o
                0x00000000080063ba                _fstat
 .text._isatty  0x00000000080063da       0x16 ./Core/Src/syscalls.o
                0x00000000080063da                _isatty
 .text._lseek   0x00000000080063f0       0x1a ./Core/Src/syscalls.o
                0x00000000080063f0                _lseek
 *fill*         0x000000000800640a        0x2 
 .text._sbrk    0x000000000800640c       0x6c ./Core/Src/sysmem.o
                0x000000000800640c                _sbrk
 .text.SystemInit
                0x0000000008006478       0x24 ./Core/Src/system_stm32f4xx.o
                0x0000000008006478                SystemInit
 .text.MX_USART1_UART_Init
                0x000000000800649c       0x54 ./Core/Src/usart.o
                0x000000000800649c                MX_USART1_UART_Init
 .text.MX_USART2_UART_Init
                0x00000000080064f0       0x54 ./Core/Src/usart.o
                0x00000000080064f0                MX_USART2_UART_Init
 .text.MX_USART6_UART_Init
                0x0000000008006544       0x54 ./Core/Src/usart.o
                0x0000000008006544                MX_USART6_UART_Init
 .text.HAL_UART_MspInit
                0x0000000008006598      0x184 ./Core/Src/usart.o
                0x0000000008006598                HAL_UART_MspInit
 .text.Reset_Handler
                0x000000000800671c       0x50 ./Core/Startup/startup_stm32f411retx.o
                0x000000000800671c                Reset_Handler
 .text.Default_Handler
                0x000000000800676c        0x2 ./Core/Startup/startup_stm32f411retx.o
                0x000000000800676c                RTC_Alarm_IRQHandler
                0x000000000800676c                EXTI2_IRQHandler
                0x000000000800676c                SPI4_IRQHandler
                0x000000000800676c                TIM1_CC_IRQHandler
                0x000000000800676c                DMA2_Stream5_IRQHandler
                0x000000000800676c                DMA1_Stream5_IRQHandler
                0x000000000800676c                PVD_IRQHandler
                0x000000000800676c                TAMP_STAMP_IRQHandler
                0x000000000800676c                EXTI3_IRQHandler
                0x000000000800676c                TIM1_UP_TIM10_IRQHandler
                0x000000000800676c                I2C3_ER_IRQHandler
                0x000000000800676c                EXTI0_IRQHandler
                0x000000000800676c                I2C2_EV_IRQHandler
                0x000000000800676c                DMA1_Stream2_IRQHandler
                0x000000000800676c                FPU_IRQHandler
                0x000000000800676c                DMA2_Stream2_IRQHandler
                0x000000000800676c                SPI1_IRQHandler
                0x000000000800676c                TIM1_BRK_TIM9_IRQHandler
                0x000000000800676c                DMA2_Stream0_IRQHandler
                0x000000000800676c                TIM4_IRQHandler
                0x000000000800676c                I2C1_EV_IRQHandler
                0x000000000800676c                DMA1_Stream6_IRQHandler
                0x000000000800676c                DMA1_Stream1_IRQHandler
                0x000000000800676c                TIM3_IRQHandler
                0x000000000800676c                RCC_IRQHandler
                0x000000000800676c                Default_Handler
                0x000000000800676c                EXTI15_10_IRQHandler
                0x000000000800676c                ADC_IRQHandler
                0x000000000800676c                DMA1_Stream7_IRQHandler
                0x000000000800676c                SPI5_IRQHandler
                0x000000000800676c                TIM5_IRQHandler
                0x000000000800676c                DMA2_Stream7_IRQHandler
                0x000000000800676c                I2C3_EV_IRQHandler
                0x000000000800676c                EXTI9_5_IRQHandler
                0x000000000800676c                RTC_WKUP_IRQHandler
                0x000000000800676c                SPI2_IRQHandler
                0x000000000800676c                DMA1_Stream0_IRQHandler
                0x000000000800676c                EXTI4_IRQHandler
                0x000000000800676c                WWDG_IRQHandler
                0x000000000800676c                TIM2_IRQHandler
                0x000000000800676c                OTG_FS_WKUP_IRQHandler
                0x000000000800676c                TIM1_TRG_COM_TIM11_IRQHandler
                0x000000000800676c                EXTI1_IRQHandler
                0x000000000800676c                USART2_IRQHandler
                0x000000000800676c                I2C2_ER_IRQHandler
                0x000000000800676c                DMA2_Stream1_IRQHandler
                0x000000000800676c                FLASH_IRQHandler
                0x000000000800676c                DMA2_Stream4_IRQHandler
                0x000000000800676c                OTG_FS_IRQHandler
                0x000000000800676c                SPI3_IRQHandler
                0x000000000800676c                DMA1_Stream4_IRQHandler
                0x000000000800676c                I2C1_ER_IRQHandler
                0x000000000800676c                DMA1_Stream3_IRQHandler
 *fill*         0x000000000800676e        0x2 
 .text.HAL_Init
                0x0000000008006770       0x44 ./Drivers/STM32F4xx_HAL_Driver/Src/stm32f4xx_hal.o
                0x0000000008006770                HAL_Init
 .text.HAL_InitTick
                0x00000000080067b4       0x60 ./Drivers/STM32F4xx_HAL_Driver/Src/stm32f4xx_hal.o
                0x00000000080067b4                HAL_InitTick
 .text.HAL_IncTick
                0x0000000008006814       0x28 ./Drivers/STM32F4xx_HAL_Driver/Src/stm32f4xx_hal.o
                0x0000000008006814                HAL_IncTick
 .text.HAL_GetTick
                0x000000000800683c       0x18 ./Drivers/STM32F4xx_HAL_Driver/Src/stm32f4xx_hal.o
                0x000000000800683c                HAL_GetTick
 .text.HAL_Delay
                0x0000000008006854       0x48 ./Drivers/STM32F4xx_HAL_Driver/Src/stm32f4xx_hal.o
                0x0000000008006854                HAL_Delay
 .text.__NVIC_SetPriorityGrouping
                0x000000000800689c       0x48 ./Drivers/STM32F4xx_HAL_Driver/Src/stm32f4xx_hal_cortex.o
 .text.__NVIC_GetPriorityGrouping
                0x00000000080068e4       0x1c ./Drivers/STM32F4xx_HAL_Driver/Src/stm32f4xx_hal_cortex.o
 .text.__NVIC_EnableIRQ
                0x0000000008006900       0x3c ./Drivers/STM32F4xx_HAL_Driver/Src/stm32f4xx_hal_cortex.o
 .text.__NVIC_SetPriority
                0x000000000800693c       0x54 ./Drivers/STM32F4xx_HAL_Driver/Src/stm32f4xx_hal_cortex.o
 .text.NVIC_EncodePriority
                0x0000000008006990       0x66 ./Drivers/STM32F4xx_HAL_Driver/Src/stm32f4xx_hal_cortex.o
 *fill*         0x00000000080069f6        0x2 
 .text.SysTick_Config
                0x00000000080069f8       0x44 ./Drivers/STM32F4xx_HAL_Driver/Src/stm32f4xx_hal_cortex.o
 .text.HAL_NVIC_SetPriorityGrouping
                0x0000000008006a3c       0x16 ./Drivers/STM32F4xx_HAL_Driver/Src/stm32f4xx_hal_cortex.o
                0x0000000008006a3c                HAL_NVIC_SetPriorityGrouping
 .text.HAL_NVIC_SetPriority
                0x0000000008006a52       0x38 ./Drivers/STM32F4xx_HAL_Driver/Src/stm32f4xx_hal_cortex.o
                0x0000000008006a52                HAL_NVIC_SetPriority
 .text.HAL_NVIC_EnableIRQ
                0x0000000008006a8a       0x1c ./Drivers/STM32F4xx_HAL_Driver/Src/stm32f4xx_hal_cortex.o
                0x0000000008006a8a                HAL_NVIC_EnableIRQ
 .text.HAL_SYSTICK_Config
                0x0000000008006aa6       0x18 ./Drivers/STM32F4xx_HAL_Driver/Src/stm32f4xx_hal_cortex.o
                0x0000000008006aa6                HAL_SYSTICK_Config
 *fill*         0x0000000008006abe        0x2 
 .text.HAL_DMA_Init
                0x0000000008006ac0      0x15c ./Drivers/STM32F4xx_HAL_Driver/Src/stm32f4xx_hal_dma.o
                0x0000000008006ac0                HAL_DMA_Init
 .text.HAL_DMA_Start_IT
                0x0000000008006c1c       0xb0 ./Drivers/STM32F4xx_HAL_Driver/Src/stm32f4xx_hal_dma.o
                0x0000000008006c1c                HAL_DMA_Start_IT
 .text.HAL_DMA_Abort_IT
                0x0000000008006ccc       0x44 ./Drivers/STM32F4xx_HAL_Driver/Src/stm32f4xx_hal_dma.o
                0x0000000008006ccc                HAL_DMA_Abort_IT
 .text.HAL_DMA_IRQHandler
                0x0000000008006d10      0x314 ./Drivers/STM32F4xx_HAL_Driver/Src/stm32f4xx_hal_dma.o
                0x0000000008006d10                HAL_DMA_IRQHandler
 .text.HAL_DMA_GetError
                0x0000000008007024       0x18 ./Drivers/STM32F4xx_HAL_Driver/Src/stm32f4xx_hal_dma.o
                0x0000000008007024                HAL_DMA_GetError
 .text.DMA_SetConfig
                0x000000000800703c       0x5c ./Drivers/STM32F4xx_HAL_Driver/Src/stm32f4xx_hal_dma.o
 .text.DMA_CalcBaseAndBitshift
                0x0000000008007098       0x6c ./Drivers/STM32F4xx_HAL_Driver/Src/stm32f4xx_hal_dma.o
 .text.DMA_CheckFifoParam
                0x0000000008007104       0xf8 ./Drivers/STM32F4xx_HAL_Driver/Src/stm32f4xx_hal_dma.o
 .text.HAL_GPIO_Init
                0x00000000080071fc      0x308 ./Drivers/STM32F4xx_HAL_Driver/Src/stm32f4xx_hal_gpio.o
                0x00000000080071fc                HAL_GPIO_Init
 .text.HAL_GPIO_WritePin
                0x0000000008007504       0x32 ./Drivers/STM32F4xx_HAL_Driver/Src/stm32f4xx_hal_gpio.o
                0x0000000008007504                HAL_GPIO_WritePin
 *fill*         0x0000000008007536        0x2 
 .text.HAL_RCC_OscConfig
                0x0000000008007538      0x4f0 ./Drivers/STM32F4xx_HAL_Driver/Src/stm32f4xx_hal_rcc.o
                0x0000000008007538                HAL_RCC_OscConfig
 .text.HAL_RCC_ClockConfig
                0x0000000008007a28      0x1cc ./Drivers/STM32F4xx_HAL_Driver/Src/stm32f4xx_hal_rcc.o
                0x0000000008007a28                HAL_RCC_ClockConfig
 .text.HAL_RCC_GetSysClockFreq
                0x0000000008007bf4      0x1c4 ./Drivers/STM32F4xx_HAL_Driver/Src/stm32f4xx_hal_rcc.o
                0x0000000008007bf4                HAL_RCC_GetSysClockFreq
 .text.HAL_RCC_GetHCLKFreq
                0x0000000008007db8       0x18 ./Drivers/STM32F4xx_HAL_Driver/Src/stm32f4xx_hal_rcc.o
                0x0000000008007db8                HAL_RCC_GetHCLKFreq
 .text.HAL_RCC_GetPCLK1Freq
                0x0000000008007dd0       0x28 ./Drivers/STM32F4xx_HAL_Driver/Src/stm32f4xx_hal_rcc.o
                0x0000000008007dd0                HAL_RCC_GetPCLK1Freq
 .text.HAL_RCC_GetPCLK2Freq
                0x0000000008007df8       0x28 ./Drivers/STM32F4xx_HAL_Driver/Src/stm32f4xx_hal_rcc.o
                0x0000000008007df8                HAL_RCC_GetPCLK2Freq
 .text.HAL_SD_Init
                0x0000000008007e20       0x60 ./Drivers/STM32F4xx_HAL_Driver/Src/stm32f4xx_hal_sd.o
                0x0000000008007e20                HAL_SD_Init
 .text.HAL_SD_InitCard
                0x0000000008007e80       0xfc ./Drivers/STM32F4xx_HAL_Driver/Src/stm32f4xx_hal_sd.o
                0x0000000008007e80                HAL_SD_InitCard
 .text.HAL_SD_ReadBlocks_DMA
                0x0000000008007f7c      0x1c4 ./Drivers/STM32F4xx_HAL_Driver/Src/stm32f4xx_hal_sd.o
                0x0000000008007f7c                HAL_SD_ReadBlocks_DMA
 .text.HAL_SD_WriteBlocks_DMA
                0x0000000008008140      0x1cc ./Drivers/STM32F4xx_HAL_Driver/Src/stm32f4xx_hal_sd.o
                0x0000000008008140                HAL_SD_WriteBlocks_DMA
 .text.HAL_SD_IRQHandler
                0x000000000800830c      0x30c ./Drivers/STM32F4xx_HAL_Driver/Src/stm32f4xx_hal_sd.o
                0x000000000800830c                HAL_SD_IRQHandler
 .text.HAL_SD_ErrorCallback
                0x0000000008008618       0x14 ./Drivers/STM32F4xx_HAL_Driver/Src/stm32f4xx_hal_sd.o
                0x0000000008008618                HAL_SD_ErrorCallback
 .text.HAL_SD_GetCardCSD
                0x000000000800862c      0x348 ./Drivers/STM32F4xx_HAL_Driver/Src/stm32f4xx_hal_sd.o
                0x000000000800862c                HAL_SD_GetCardCSD
 .text.HAL_SD_GetCardInfo
                0x0000000008008974       0x58 ./Drivers/STM32F4xx_HAL_Driver/Src/stm32f4xx_hal_sd.o
                0x0000000008008974                HAL_SD_GetCardInfo
 .text.HAL_SD_ConfigWideBusOperation
                0x00000000080089cc      0x134 ./Drivers/STM32F4xx_HAL_Driver/Src/stm32f4xx_hal_sd.o
                0x00000000080089cc                HAL_SD_ConfigWideBusOperation
 .text.HAL_SD_GetCardState
                0x0000000008008b00       0x40 ./Drivers/STM32F4xx_HAL_Driver/Src/stm32f4xx_hal_sd.o
                0x0000000008008b00                HAL_SD_GetCardState
 .text.SD_DMATransmitCplt
                0x0000000008008b40       0x2a ./Drivers/STM32F4xx_HAL_Driver/Src/stm32f4xx_hal_sd.o
 .text.SD_DMAReceiveCplt
                0x0000000008008b6a       0x70 ./Drivers/STM32F4xx_HAL_Driver/Src/stm32f4xx_hal_sd.o
 *fill*         0x0000000008008bda        0x2 
 .text.SD_DMAError
                0x0000000008008bdc       0xa4 ./Drivers/STM32F4xx_HAL_Driver/Src/stm32f4xx_hal_sd.o
 .text.SD_DMATxAbort
                0x0000000008008c80       0x6e ./Drivers/STM32F4xx_HAL_Driver/Src/stm32f4xx_hal_sd.o
 .text.SD_DMARxAbort
                0x0000000008008cee       0x6e ./Drivers/STM32F4xx_HAL_Driver/Src/stm32f4xx_hal_sd.o
 .text.SD_InitCard
                0x0000000008008d5c      0x198 ./Drivers/STM32F4xx_HAL_Driver/Src/stm32f4xx_hal_sd.o
 .text.SD_PowerON
                0x0000000008008ef4      0x11c ./Drivers/STM32F4xx_HAL_Driver/Src/stm32f4xx_hal_sd.o
 .text.SD_SendStatus
                0x0000000008009010       0x50 ./Drivers/STM32F4xx_HAL_Driver/Src/stm32f4xx_hal_sd.o
 .text.SD_WideBus_Enable
                0x0000000008009060       0x96 ./Drivers/STM32F4xx_HAL_Driver/Src/stm32f4xx_hal_sd.o
 .text.SD_WideBus_Disable
                0x00000000080090f6       0x96 ./Drivers/STM32F4xx_HAL_Driver/Src/stm32f4xx_hal_sd.o
 .text.SD_FindSCR
                0x000000000800918c      0x1a6 ./Drivers/STM32F4xx_HAL_Driver/Src/stm32f4xx_hal_sd.o
 .text.SD_Read_IT
                0x0000000008009332       0xa2 ./Drivers/STM32F4xx_HAL_Driver/Src/stm32f4xx_hal_sd.o
 .text.SD_Write_IT
                0x00000000080093d4       0xaa ./Drivers/STM32F4xx_HAL_Driver/Src/stm32f4xx_hal_sd.o
 .text.HAL_UART_Init
                0x000000000800947e       0x9a ./Drivers/STM32F4xx_HAL_Driver/Src/stm32f4xx_hal_uart.o
                0x000000000800947e                HAL_UART_Init
 .text.HAL_UART_Transmit
                0x0000000008009518      0x124 ./Drivers/STM32F4xx_HAL_Driver/Src/stm32f4xx_hal_uart.o
                0x0000000008009518                HAL_UART_Transmit
 .text.UART_WaitOnFlagUntilTimeout
                0x000000000800963c       0xdc ./Drivers/STM32F4xx_HAL_Driver/Src/stm32f4xx_hal_uart.o
 .text.UART_SetConfig
                0x0000000008009718      0x390 ./Drivers/STM32F4xx_HAL_Driver/Src/stm32f4xx_hal_uart.o
 .text.SDIO_Init
                0x0000000008009aa8       0x56 ./Drivers/STM32F4xx_HAL_Driver/Src/stm32f4xx_ll_sdmmc.o
                0x0000000008009aa8                SDIO_Init
 .text.SDIO_ReadFIFO
                0x0000000008009afe       0x1a ./Drivers/STM32F4xx_HAL_Driver/Src/stm32f4xx_ll_sdmmc.o
                0x0000000008009afe                SDIO_ReadFIFO
 .text.SDIO_WriteFIFO
                0x0000000008009b18       0x22 ./Drivers/STM32F4xx_HAL_Driver/Src/stm32f4xx_ll_sdmmc.o
                0x0000000008009b18                SDIO_WriteFIFO
 .text.SDIO_PowerState_ON
                0x0000000008009b3a       0x1e ./Drivers/STM32F4xx_HAL_Driver/Src/stm32f4xx_ll_sdmmc.o
                0x0000000008009b3a                SDIO_PowerState_ON
 .text.SDIO_GetPowerState
                0x0000000008009b58       0x1c ./Drivers/STM32F4xx_HAL_Driver/Src/stm32f4xx_ll_sdmmc.o
                0x0000000008009b58                SDIO_GetPowerState
 .text.SDIO_SendCommand
                0x0000000008009b74       0x54 ./Drivers/STM32F4xx_HAL_Driver/Src/stm32f4xx_ll_sdmmc.o
                0x0000000008009b74                SDIO_SendCommand
 .text.SDIO_GetCommandResponse
                0x0000000008009bc8       0x1a ./Drivers/STM32F4xx_HAL_Driver/Src/stm32f4xx_ll_sdmmc.o
                0x0000000008009bc8                SDIO_GetCommandResponse
 .text.SDIO_GetResponse
                0x0000000008009be2       0x26 ./Drivers/STM32F4xx_HAL_Driver/Src/stm32f4xx_ll_sdmmc.o
                0x0000000008009be2                SDIO_GetResponse
 .text.SDIO_ConfigData
                0x0000000008009c08       0x58 ./Drivers/STM32F4xx_HAL_Driver/Src/stm32f4xx_ll_sdmmc.o
                0x0000000008009c08                SDIO_ConfigData
 .text.SDMMC_CmdBlockLength
                0x0000000008009c60       0x44 ./Drivers/STM32F4xx_HAL_Driver/Src/stm32f4xx_ll_sdmmc.o
                0x0000000008009c60                SDMMC_CmdBlockLength
 .text.SDMMC_CmdReadSingleBlock
                0x0000000008009ca4       0x44 ./Drivers/STM32F4xx_HAL_Driver/Src/stm32f4xx_ll_sdmmc.o
                0x0000000008009ca4                SDMMC_CmdReadSingleBlock
 .text.SDMMC_CmdReadMultiBlock
                0x0000000008009ce8       0x44 ./Drivers/STM32F4xx_HAL_Driver/Src/stm32f4xx_ll_sdmmc.o
                0x0000000008009ce8                SDMMC_CmdReadMultiBlock
 .text.SDMMC_CmdWriteSingleBlock
                0x0000000008009d2c       0x44 ./Drivers/STM32F4xx_HAL_Driver/Src/stm32f4xx_ll_sdmmc.o
                0x0000000008009d2c                SDMMC_CmdWriteSingleBlock
 .text.SDMMC_CmdWriteMultiBlock
                0x0000000008009d70       0x44 ./Drivers/STM32F4xx_HAL_Driver/Src/stm32f4xx_ll_sdmmc.o
                0x0000000008009d70                SDMMC_CmdWriteMultiBlock
 .text.SDMMC_CmdStopTransfer
                0x0000000008009db4       0x44 ./Drivers/STM32F4xx_HAL_Driver/Src/stm32f4xx_ll_sdmmc.o
                0x0000000008009db4                SDMMC_CmdStopTransfer
 .text.SDMMC_CmdSelDesel
                0x0000000008009df8       0x46 ./Drivers/STM32F4xx_HAL_Driver/Src/stm32f4xx_ll_sdmmc.o
                0x0000000008009df8                SDMMC_CmdSelDesel
 .text.SDMMC_CmdGoIdleState
                0x0000000008009e3e       0x3c ./Drivers/STM32F4xx_HAL_Driver/Src/stm32f4xx_ll_sdmmc.o
                0x0000000008009e3e                SDMMC_CmdGoIdleState
 .text.SDMMC_CmdOperCond
                0x0000000008009e7a       0x3e ./Drivers/STM32F4xx_HAL_Driver/Src/stm32f4xx_ll_sdmmc.o
                0x0000000008009e7a                SDMMC_CmdOperCond
 .text.SDMMC_CmdAppCommand
                0x0000000008009eb8       0x44 ./Drivers/STM32F4xx_HAL_Driver/Src/stm32f4xx_ll_sdmmc.o
                0x0000000008009eb8                SDMMC_CmdAppCommand
 .text.SDMMC_CmdAppOperCommand
                0x0000000008009efc       0x46 ./Drivers/STM32F4xx_HAL_Driver/Src/stm32f4xx_ll_sdmmc.o
                0x0000000008009efc                SDMMC_CmdAppOperCommand
 .text.SDMMC_CmdBusWidth
                0x0000000008009f42       0x44 ./Drivers/STM32F4xx_HAL_Driver/Src/stm32f4xx_ll_sdmmc.o
                0x0000000008009f42                SDMMC_CmdBusWidth
 .text.SDMMC_CmdSendSCR
                0x0000000008009f86       0x42 ./Drivers/STM32F4xx_HAL_Driver/Src/stm32f4xx_ll_sdmmc.o
                0x0000000008009f86                SDMMC_CmdSendSCR
 .text.SDMMC_CmdSendCID
                0x0000000008009fc8       0x3c ./Drivers/STM32F4xx_HAL_Driver/Src/stm32f4xx_ll_sdmmc.o
                0x0000000008009fc8                SDMMC_CmdSendCID
 .text.SDMMC_CmdSendCSD
                0x000000000800a004       0x3e ./Drivers/STM32F4xx_HAL_Driver/Src/stm32f4xx_ll_sdmmc.o
                0x000000000800a004                SDMMC_CmdSendCSD
 .text.SDMMC_CmdSetRelAdd
                0x000000000800a042       0x42 ./Drivers/STM32F4xx_HAL_Driver/Src/stm32f4xx_ll_sdmmc.o
                0x000000000800a042                SDMMC_CmdSetRelAdd
 .text.SDMMC_CmdSendStatus
                0x000000000800a084       0x44 ./Drivers/STM32F4xx_HAL_Driver/Src/stm32f4xx_ll_sdmmc.o
                0x000000000800a084                SDMMC_CmdSendStatus
 .text.SDMMC_GetCmdError
                0x000000000800a0c8       0x58 ./Drivers/STM32F4xx_HAL_Driver/Src/stm32f4xx_ll_sdmmc.o
 .text.SDMMC_GetCmdResp1
                0x000000000800a120      0x1dc ./Drivers/STM32F4xx_HAL_Driver/Src/stm32f4xx_ll_sdmmc.o
 .text.SDMMC_GetCmdResp2
                0x000000000800a2fc       0x90 ./Drivers/STM32F4xx_HAL_Driver/Src/stm32f4xx_ll_sdmmc.o
 .text.SDMMC_GetCmdResp3
                0x000000000800a38c       0x7c ./Drivers/STM32F4xx_HAL_Driver/Src/stm32f4xx_ll_sdmmc.o
 .text.SDMMC_GetCmdResp6
                0x000000000800a408       0xec ./Drivers/STM32F4xx_HAL_Driver/Src/stm32f4xx_ll_sdmmc.o
 .text.SDMMC_GetCmdResp7
                0x000000000800a4f4       0x9c ./Drivers/STM32F4xx_HAL_Driver/Src/stm32f4xx_ll_sdmmc.o
 .text.MX_FATFS_Init
                0x000000000800a590       0x24 ./FATFS/App/fatfs.o
                0x000000000800a590                MX_FATFS_Init
 .text.get_fattime
                0x000000000800a5b4       0x10 ./FATFS/App/fatfs.o
                0x000000000800a5b4                get_fattime
 .text.BSP_SD_Init
                0x000000000800a5c4       0x4c ./FATFS/Target/bsp_driver_sd.o
                0x000000000800a5c4                BSP_SD_Init
 .text.BSP_SD_ReadBlocks_DMA
                0x000000000800a610       0x34 ./FATFS/Target/bsp_driver_sd.o
                0x000000000800a610                BSP_SD_ReadBlocks_DMA
 .text.BSP_SD_WriteBlocks_DMA
                0x000000000800a644       0x34 ./FATFS/Target/bsp_driver_sd.o
                0x000000000800a644                BSP_SD_WriteBlocks_DMA
 .text.BSP_SD_GetCardState
                0x000000000800a678       0x20 ./FATFS/Target/bsp_driver_sd.o
                0x000000000800a678                BSP_SD_GetCardState
 .text.BSP_SD_GetCardInfo
                0x000000000800a698       0x1c ./FATFS/Target/bsp_driver_sd.o
                0x000000000800a698                BSP_SD_GetCardInfo
 .text.HAL_SD_AbortCallback
                0x000000000800a6b4       0x14 ./FATFS/Target/bsp_driver_sd.o
                0x000000000800a6b4                HAL_SD_AbortCallback
 .text.HAL_SD_TxCpltCallback
                0x000000000800a6c8       0x14 ./FATFS/Target/bsp_driver_sd.o
                0x000000000800a6c8                HAL_SD_TxCpltCallback
 .text.HAL_SD_RxCpltCallback
                0x000000000800a6dc       0x14 ./FATFS/Target/bsp_driver_sd.o
                0x000000000800a6dc                HAL_SD_RxCpltCallback
 .text.BSP_SD_AbortCallback
                0x000000000800a6f0        0xe ./FATFS/Target/bsp_driver_sd.o
                0x000000000800a6f0                BSP_SD_AbortCallback
 .text.BSP_SD_IsDetected
                0x000000000800a6fe       0x1a ./FATFS/Target/bsp_driver_sd.o
                0x000000000800a6fe                BSP_SD_IsDetected
 .text.SD_CheckStatusWithTimeout
                0x000000000800a718       0x3a ./FATFS/Target/sd_diskio.o
 *fill*         0x000000000800a752        0x2 
 .text.SD_CheckStatus
                0x000000000800a754       0x3c ./FATFS/Target/sd_diskio.o
 .text.SD_initialize
                0x000000000800a790       0x38 ./FATFS/Target/sd_diskio.o
                0x000000000800a790                SD_initialize
 .text.SD_status
                0x000000000800a7c8       0x1c ./FATFS/Target/sd_diskio.o
                0x000000000800a7c8                SD_status
 .text.SD_read  0x000000000800a7e4       0xac ./FATFS/Target/sd_diskio.o
                0x000000000800a7e4                SD_read
 .text.SD_write
                0x000000000800a890       0xac ./FATFS/Target/sd_diskio.o
                0x000000000800a890                SD_write
 .text.SD_ioctl
                0x000000000800a93c       0xb0 ./FATFS/Target/sd_diskio.o
                0x000000000800a93c                SD_ioctl
 .text.BSP_SD_WriteCpltCallback
                0x000000000800a9ec       0x18 ./FATFS/Target/sd_diskio.o
                0x000000000800a9ec                BSP_SD_WriteCpltCallback
 .text.BSP_SD_ReadCpltCallback
                0x000000000800aa04       0x18 ./FATFS/Target/sd_diskio.o
                0x000000000800aa04                BSP_SD_ReadCpltCallback
 .text.disk_status
                0x000000000800aa1c       0x34 ./Middlewares/Third_Party/FatFs/src/diskio.o
                0x000000000800aa1c                disk_status
 .text.disk_initialize
                0x000000000800aa50       0x4c ./Middlewares/Third_Party/FatFs/src/diskio.o
                0x000000000800aa50                disk_initialize
 .text.disk_read
                0x000000000800aa9c       0x40 ./Middlewares/Third_Party/FatFs/src/diskio.o
                0x000000000800aa9c                disk_read
 .text.disk_write
                0x000000000800aadc       0x40 ./Middlewares/Third_Party/FatFs/src/diskio.o
                0x000000000800aadc                disk_write
 .text.disk_ioctl
                0x000000000800ab1c       0x3c ./Middlewares/Third_Party/FatFs/src/diskio.o
                0x000000000800ab1c                disk_ioctl
 .text.ld_word  0x000000000800ab58       0x30 ./Middlewares/Third_Party/FatFs/src/ff.o
 .text.ld_dword
                0x000000000800ab88       0x46 ./Middlewares/Third_Party/FatFs/src/ff.o
 .text.st_word  0x000000000800abce       0x36 ./Middlewares/Third_Party/FatFs/src/ff.o
 .text.st_dword
                0x000000000800ac04       0x58 ./Middlewares/Third_Party/FatFs/src/ff.o
 .text.mem_cpy  0x000000000800ac5c       0x42 ./Middlewares/Third_Party/FatFs/src/ff.o
 .text.mem_set  0x000000000800ac9e       0x36 ./Middlewares/Third_Party/FatFs/src/ff.o
 .text.mem_cmp  0x000000000800acd4       0x4e ./Middlewares/Third_Party/FatFs/src/ff.o
 .text.chk_chr  0x000000000800ad22       0x36 ./Middlewares/Third_Party/FatFs/src/ff.o
 .text.chk_lock
                0x000000000800ad58       0xb8 ./Middlewares/Third_Party/FatFs/src/ff.o
 .text.enq_lock
                0x000000000800ae10       0x44 ./Middlewares/Third_Party/FatFs/src/ff.o
 .text.inc_lock
                0x000000000800ae54      0x11c ./Middlewares/Third_Party/FatFs/src/ff.o
 .text.dec_lock
                0x000000000800af70       0x78 ./Middlewares/Third_Party/FatFs/src/ff.o
 .text.clear_lock
                0x000000000800afe8       0x48 ./Middlewares/Third_Party/FatFs/src/ff.o
 .text.sync_window
                0x000000000800b030       0x88 ./Middlewares/Third_Party/FatFs/src/ff.o
 .text.move_window
                0x000000000800b0b8       0x5a ./Middlewares/Third_Party/FatFs/src/ff.o
 *fill*         0x000000000800b112        0x2 
 .text.sync_fs  0x000000000800b114       0xdc ./Middlewares/Third_Party/FatFs/src/ff.o
 .text.clust2sect
                0x000000000800b1f0       0x3e ./Middlewares/Third_Party/FatFs/src/ff.o
 .text.get_fat  0x000000000800b22e      0x150 ./Middlewares/Third_Party/FatFs/src/ff.o
 .text.put_fat  0x000000000800b37e      0x1d8 ./Middlewares/Third_Party/FatFs/src/ff.o
 .text.remove_chain
                0x000000000800b556       0xca ./Middlewares/Third_Party/FatFs/src/ff.o
 .text.create_chain
                0x000000000800b620      0x130 ./Middlewares/Third_Party/FatFs/src/ff.o
 .text.clmt_clust
                0x000000000800b750       0x68 ./Middlewares/Third_Party/FatFs/src/ff.o
 .text.dir_sdi  0x000000000800b7b8       0xf6 ./Middlewares/Third_Party/FatFs/src/ff.o
 .text.dir_next
                0x000000000800b8ae      0x18a ./Middlewares/Third_Party/FatFs/src/ff.o
 .text.dir_alloc
                0x000000000800ba38       0x8e ./Middlewares/Third_Party/FatFs/src/ff.o
 .text.ld_clust
                0x000000000800bac6       0x3e ./Middlewares/Third_Party/FatFs/src/ff.o
 .text.st_clust
                0x000000000800bb04       0x40 ./Middlewares/Third_Party/FatFs/src/ff.o
 .text.dir_find
                0x000000000800bb44       0xaa ./Middlewares/Third_Party/FatFs/src/ff.o
 .text.dir_register
                0x000000000800bbee       0x64 ./Middlewares/Third_Party/FatFs/src/ff.o
 *fill*         0x000000000800bc52        0x2 
 .text.create_name
                0x000000000800bc54      0x128 ./Middlewares/Third_Party/FatFs/src/ff.o
 .text.follow_path
                0x000000000800bd7c       0xe2 ./Middlewares/Third_Party/FatFs/src/ff.o
 .text.get_ldnumber
                0x000000000800be5e       0x88 ./Middlewares/Third_Party/FatFs/src/ff.o
 *fill*         0x000000000800bee6        0x2 
 .text.check_fs
                0x000000000800bee8       0xac ./Middlewares/Third_Party/FatFs/src/ff.o
 .text.find_volume
                0x000000000800bf94      0x498 ./Middlewares/Third_Party/FatFs/src/ff.o
 .text.validate
                0x000000000800c42c       0x6a ./Middlewares/Third_Party/FatFs/src/ff.o
 *fill*         0x000000000800c496        0x2 
 .text.f_mount  0x000000000800c498       0x8c ./Middlewares/Third_Party/FatFs/src/ff.o
                0x000000000800c498                f_mount
 .text.f_open   0x000000000800c524      0x37c ./Middlewares/Third_Party/FatFs/src/ff.o
                0x000000000800c524                f_open
 .text.f_write  0x000000000800c8a0      0x2ea ./Middlewares/Third_Party/FatFs/src/ff.o
                0x000000000800c8a0                f_write
 .text.f_sync   0x000000000800cb8a       0xfc ./Middlewares/Third_Party/FatFs/src/ff.o
                0x000000000800cb8a                f_sync
 .text.f_close  0x000000000800cc86       0x54 ./Middlewares/Third_Party/FatFs/src/ff.o
                0x000000000800cc86                f_close
 .text.f_lseek  0x000000000800ccda      0x412 ./Middlewares/Third_Party/FatFs/src/ff.o
                0x000000000800ccda                f_lseek
 .text.f_getfree
                0x000000000800d0ec      0x16a ./Middlewares/Third_Party/FatFs/src/ff.o
                0x000000000800d0ec                f_getfree
 .text.putc_bfd
                0x000000000800d256       0x7a ./Middlewares/Third_Party/FatFs/src/ff.o
 .text.putc_flush
                0x000000000800d2d0       0x4a ./Middlewares/Third_Party/FatFs/src/ff.o
 .text.putc_init
                0x000000000800d31a       0x2a ./Middlewares/Third_Party/FatFs/src/ff.o
 .text.f_printf
                0x000000000800d344      0x440 ./Middlewares/Third_Party/FatFs/src/ff.o
                0x000000000800d344                f_printf
 .text.FATFS_LinkDriverEx
                0x000000000800d784       0x98 ./Middlewares/Third_Party/FatFs/src/ff_gen_drv.o
                0x000000000800d784                FATFS_LinkDriverEx
 .text.FATFS_LinkDriver
                0x000000000800d81c       0x1e ./Middlewares/Third_Party/FatFs/src/ff_gen_drv.o
                0x000000000800d81c                FATFS_LinkDriver
 .text.atoi     0x000000000800d83a        0x8 /opt/st/stm32cubeide_1.8.0/plugins/com.st.stm32cube.ide.mcu.externaltools.gnu-tools-for-stm32.9-2020-q2-update.linux64_2.0.0.202105311346/tools/bin/../lib/gcc/arm-none-eabi/9.3.1/../../../../arm-none-eabi/lib/thumb/v7e-m+fp/hard/libc_nano.a(lib_a-atoi.o)
                0x000000000800d83a                atoi
 *fill*         0x000000000800d842        0x2 
 .text.__errno  0x000000000800d844        0xc /opt/st/stm32cubeide_1.8.0/plugins/com.st.stm32cube.ide.mcu.externaltools.gnu-tools-for-stm32.9-2020-q2-update.linux64_2.0.0.202105311346/tools/bin/../lib/gcc/arm-none-eabi/9.3.1/../../../../arm-none-eabi/lib/thumb/v7e-m+fp/hard/libc_nano.a(lib_a-errno.o)
                0x000000000800d844                __errno
 .text.__libc_init_array
                0x000000000800d850       0x48 /opt/st/stm32cubeide_1.8.0/plugins/com.st.stm32cube.ide.mcu.externaltools.gnu-tools-for-stm32.9-2020-q2-update.linux64_2.0.0.202105311346/tools/bin/../lib/gcc/arm-none-eabi/9.3.1/../../../../arm-none-eabi/lib/thumb/v7e-m+fp/hard/libc_nano.a(lib_a-init.o)
                0x000000000800d850                __libc_init_array
 .text.isalnum  0x000000000800d898       0x10 /opt/st/stm32cubeide_1.8.0/plugins/com.st.stm32cube.ide.mcu.externaltools.gnu-tools-for-stm32.9-2020-q2-update.linux64_2.0.0.202105311346/tools/bin/../lib/gcc/arm-none-eabi/9.3.1/../../../../arm-none-eabi/lib/thumb/v7e-m+fp/hard/libc_nano.a(lib_a-isalnum.o)
                0x000000000800d898                isalnum
 .text.malloc   0x000000000800d8a8       0x10 /opt/st/stm32cubeide_1.8.0/plugins/com.st.stm32cube.ide.mcu.externaltools.gnu-tools-for-stm32.9-2020-q2-update.linux64_2.0.0.202105311346/tools/bin/../lib/gcc/arm-none-eabi/9.3.1/../../../../arm-none-eabi/lib/thumb/v7e-m+fp/hard/libc_nano.a(lib_a-malloc.o)
                0x000000000800d8a8                malloc
 .text.memset   0x000000000800d8b8       0x10 /opt/st/stm32cubeide_1.8.0/plugins/com.st.stm32cube.ide.mcu.externaltools.gnu-tools-for-stm32.9-2020-q2-update.linux64_2.0.0.202105311346/tools/bin/../lib/gcc/arm-none-eabi/9.3.1/../../../../arm-none-eabi/lib/thumb/v7e-m+fp/hard/libc_nano.a(lib_a-memset.o)
                0x000000000800d8b8                memset
 .text._free_r  0x000000000800d8c8       0xa0 /opt/st/stm32cubeide_1.8.0/plugins/com.st.stm32cube.ide.mcu.externaltools.gnu-tools-for-stm32.9-2020-q2-update.linux64_2.0.0.202105311346/tools/bin/../lib/gcc/arm-none-eabi/9.3.1/../../../../arm-none-eabi/lib/thumb/v7e-m+fp/hard/libc_nano.a(lib_a-nano-freer.o)
                0x000000000800d8c8                _free_r
 .text._malloc_r
                0x000000000800d968       0xb4 /opt/st/stm32cubeide_1.8.0/plugins/com.st.stm32cube.ide.mcu.externaltools.gnu-tools-for-stm32.9-2020-q2-update.linux64_2.0.0.202105311346/tools/bin/../lib/gcc/arm-none-eabi/9.3.1/../../../../arm-none-eabi/lib/thumb/v7e-m+fp/hard/libc_nano.a(lib_a-nano-mallocr.o)
                0x000000000800d968                _malloc_r
 .text.__cvt    0x000000000800da1c       0xc4 /opt/st/stm32cubeide_1.8.0/plugins/com.st.stm32cube.ide.mcu.externaltools.gnu-tools-for-stm32.9-2020-q2-update.linux64_2.0.0.202105311346/tools/bin/../lib/gcc/arm-none-eabi/9.3.1/../../../../arm-none-eabi/lib/thumb/v7e-m+fp/hard/libc_nano.a(lib_a-nano-vfprintf_float.o)
                0x000000000800da1c                __cvt
 .text.__exponent
                0x000000000800dae0       0x7c /opt/st/stm32cubeide_1.8.0/plugins/com.st.stm32cube.ide.mcu.externaltools.gnu-tools-for-stm32.9-2020-q2-update.linux64_2.0.0.202105311346/tools/bin/../lib/gcc/arm-none-eabi/9.3.1/../../../../arm-none-eabi/lib/thumb/v7e-m+fp/hard/libc_nano.a(lib_a-nano-vfprintf_float.o)
                0x000000000800dae0                __exponent
 .text._printf_float
                0x000000000800db5c      0x46c /opt/st/stm32cubeide_1.8.0/plugins/com.st.stm32cube.ide.mcu.externaltools.gnu-tools-for-stm32.9-2020-q2-update.linux64_2.0.0.202105311346/tools/bin/../lib/gcc/arm-none-eabi/9.3.1/../../../../arm-none-eabi/lib/thumb/v7e-m+fp/hard/libc_nano.a(lib_a-nano-vfprintf_float.o)
                0x000000000800db5c                _printf_float
 .text._printf_common
                0x000000000800dfc8       0xda /opt/st/stm32cubeide_1.8.0/plugins/com.st.stm32cube.ide.mcu.externaltools.gnu-tools-for-stm32.9-2020-q2-update.linux64_2.0.0.202105311346/tools/bin/../lib/gcc/arm-none-eabi/9.3.1/../../../../arm-none-eabi/lib/thumb/v7e-m+fp/hard/libc_nano.a(lib_a-nano-vfprintf_i.o)
                0x000000000800dfc8                _printf_common
 *fill*         0x000000000800e0a2        0x2 
 .text._printf_i
                0x000000000800e0a4      0x24c /opt/st/stm32cubeide_1.8.0/plugins/com.st.stm32cube.ide.mcu.externaltools.gnu-tools-for-stm32.9-2020-q2-update.linux64_2.0.0.202105311346/tools/bin/../lib/gcc/arm-none-eabi/9.3.1/../../../../arm-none-eabi/lib/thumb/v7e-m+fp/hard/libc_nano.a(lib_a-nano-vfprintf_i.o)
                0x000000000800e0a4                _printf_i
 .text._scanf_float
                0x000000000800e2f0      0x420 /opt/st/stm32cubeide_1.8.0/plugins/com.st.stm32cube.ide.mcu.externaltools.gnu-tools-for-stm32.9-2020-q2-update.linux64_2.0.0.202105311346/tools/bin/../lib/gcc/arm-none-eabi/9.3.1/../../../../arm-none-eabi/lib/thumb/v7e-m+fp/hard/libc_nano.a(lib_a-nano-vfscanf_float.o)
                0x000000000800e2f0                _scanf_float
 .text.printf   0x000000000800e710       0x30 /opt/st/stm32cubeide_1.8.0/plugins/com.st.stm32cube.ide.mcu.externaltools.gnu-tools-for-stm32.9-2020-q2-update.linux64_2.0.0.202105311346/tools/bin/../lib/gcc/arm-none-eabi/9.3.1/../../../../arm-none-eabi/lib/thumb/v7e-m+fp/hard/libc_nano.a(lib_a-printf.o)
                0x000000000800e710                printf
                0x000000000800e710                iprintf
 .text._puts_r  0x000000000800e740       0xdc /opt/st/stm32cubeide_1.8.0/plugins/com.st.stm32cube.ide.mcu.externaltools.gnu-tools-for-stm32.9-2020-q2-update.linux64_2.0.0.202105311346/tools/bin/../lib/gcc/arm-none-eabi/9.3.1/../../../../arm-none-eabi/lib/thumb/v7e-m+fp/hard/libc_nano.a(lib_a-puts.o)
                0x000000000800e740                _puts_r
 .text.puts     0x000000000800e81c       0x10 /opt/st/stm32cubeide_1.8.0/plugins/com.st.stm32cube.ide.mcu.externaltools.gnu-tools-for-stm32.9-2020-q2-update.linux64_2.0.0.202105311346/tools/bin/../lib/gcc/arm-none-eabi/9.3.1/../../../../arm-none-eabi/lib/thumb/v7e-m+fp/hard/libc_nano.a(lib_a-puts.o)
                0x000000000800e81c                puts
 .text._sbrk_r  0x000000000800e82c       0x20 /opt/st/stm32cubeide_1.8.0/plugins/com.st.stm32cube.ide.mcu.externaltools.gnu-tools-for-stm32.9-2020-q2-update.linux64_2.0.0.202105311346/tools/bin/../lib/gcc/arm-none-eabi/9.3.1/../../../../arm-none-eabi/lib/thumb/v7e-m+fp/hard/libc_nano.a(lib_a-sbrkr.o)
                0x000000000800e82c                _sbrk_r
 .text.nanf     0x000000000800e84c        0xc /opt/st/stm32cubeide_1.8.0/plugins/com.st.stm32cube.ide.mcu.externaltools.gnu-tools-for-stm32.9-2020-q2-update.linux64_2.0.0.202105311346/tools/bin/../lib/gcc/arm-none-eabi/9.3.1/../../../../arm-none-eabi/lib/thumb/v7e-m+fp/hard/libc_nano.a(lib_a-sf_nan.o)
                0x000000000800e84c                nanf
 .text.sprintf  0x000000000800e858       0x40 /opt/st/stm32cubeide_1.8.0/plugins/com.st.stm32cube.ide.mcu.externaltools.gnu-tools-for-stm32.9-2020-q2-update.linux64_2.0.0.202105311346/tools/bin/../lib/gcc/arm-none-eabi/9.3.1/../../../../arm-none-eabi/lib/thumb/v7e-m+fp/hard/libc_nano.a(lib_a-sprintf.o)
                0x000000000800e858                sprintf
                0x000000000800e858                siprintf
 .text.strstr   0x000000000800e898       0x2e /opt/st/stm32cubeide_1.8.0/plugins/com.st.stm32cube.ide.mcu.externaltools.gnu-tools-for-stm32.9-2020-q2-update.linux64_2.0.0.202105311346/tools/bin/../lib/gcc/arm-none-eabi/9.3.1/../../../../arm-none-eabi/lib/thumb/v7e-m+fp/hard/libc_nano.a(lib_a-strstr.o)
                0x000000000800e898                strstr
 .text.sulp     0x000000000800e8c6       0x38 /opt/st/stm32cubeide_1.8.0/plugins/com.st.stm32cube.ide.mcu.externaltools.gnu-tools-for-stm32.9-2020-q2-update.linux64_2.0.0.202105311346/tools/bin/../lib/gcc/arm-none-eabi/9.3.1/../../../../arm-none-eabi/lib/thumb/v7e-m+fp/hard/libc_nano.a(lib_a-strtod.o)
 *fill*         0x000000000800e8fe        0x2 
 .text._strtod_l
                0x000000000800e900      0xc14 /opt/st/stm32cubeide_1.8.0/plugins/com.st.stm32cube.ide.mcu.externaltools.gnu-tools-for-stm32.9-2020-q2-update.linux64_2.0.0.202105311346/tools/bin/../lib/gcc/arm-none-eabi/9.3.1/../../../../arm-none-eabi/lib/thumb/v7e-m+fp/hard/libc_nano.a(lib_a-strtod.o)
                0x000000000800e900                _strtod_l
 .text._strtod_r
                0x000000000800f514        0xc /opt/st/stm32cubeide_1.8.0/plugins/com.st.stm32cube.ide.mcu.externaltools.gnu-tools-for-stm32.9-2020-q2-update.linux64_2.0.0.202105311346/tools/bin/../lib/gcc/arm-none-eabi/9.3.1/../../../../arm-none-eabi/lib/thumb/v7e-m+fp/hard/libc_nano.a(lib_a-strtod.o)
                0x000000000800f514                _strtod_r
 .text.strtok   0x000000000800f520       0x68 /opt/st/stm32cubeide_1.8.0/plugins/com.st.stm32cube.ide.mcu.externaltools.gnu-tools-for-stm32.9-2020-q2-update.linux64_2.0.0.202105311346/tools/bin/../lib/gcc/arm-none-eabi/9.3.1/../../../../arm-none-eabi/lib/thumb/v7e-m+fp/hard/libc_nano.a(lib_a-strtok.o)
                0x000000000800f520                strtok
 .text.__strtok_r
                0x000000000800f588       0x50 /opt/st/stm32cubeide_1.8.0/plugins/com.st.stm32cube.ide.mcu.externaltools.gnu-tools-for-stm32.9-2020-q2-update.linux64_2.0.0.202105311346/tools/bin/../lib/gcc/arm-none-eabi/9.3.1/../../../../arm-none-eabi/lib/thumb/v7e-m+fp/hard/libc_nano.a(lib_a-strtok_r.o)
                0x000000000800f588                __strtok_r
 .text._strtol_l.isra.0
                0x000000000800f5d8      0x108 /opt/st/stm32cubeide_1.8.0/plugins/com.st.stm32cube.ide.mcu.externaltools.gnu-tools-for-stm32.9-2020-q2-update.linux64_2.0.0.202105311346/tools/bin/../lib/gcc/arm-none-eabi/9.3.1/../../../../arm-none-eabi/lib/thumb/v7e-m+fp/hard/libc_nano.a(lib_a-strtol.o)
 .text._strtol_r
                0x000000000800f6e0        0x4 /opt/st/stm32cubeide_1.8.0/plugins/com.st.stm32cube.ide.mcu.externaltools.gnu-tools-for-stm32.9-2020-q2-update.linux64_2.0.0.202105311346/tools/bin/../lib/gcc/arm-none-eabi/9.3.1/../../../../arm-none-eabi/lib/thumb/v7e-m+fp/hard/libc_nano.a(lib_a-strtol.o)
                0x000000000800f6e0                _strtol_r
 .text.strtol   0x000000000800f6e4       0x14 /opt/st/stm32cubeide_1.8.0/plugins/com.st.stm32cube.ide.mcu.externaltools.gnu-tools-for-stm32.9-2020-q2-update.linux64_2.0.0.202105311346/tools/bin/../lib/gcc/arm-none-eabi/9.3.1/../../../../arm-none-eabi/lib/thumb/v7e-m+fp/hard/libc_nano.a(lib_a-strtol.o)
                0x000000000800f6e4                strtol
 .text.__swbuf_r
                0x000000000800f6f8       0xa4 /opt/st/stm32cubeide_1.8.0/plugins/com.st.stm32cube.ide.mcu.externaltools.gnu-tools-for-stm32.9-2020-q2-update.linux64_2.0.0.202105311346/tools/bin/../lib/gcc/arm-none-eabi/9.3.1/../../../../arm-none-eabi/lib/thumb/v7e-m+fp/hard/libc_nano.a(lib_a-wbuf.o)
                0x000000000800f6f8                __swbuf_r
 .text.__swsetup_r
                0x000000000800f79c       0xdc /opt/st/stm32cubeide_1.8.0/plugins/com.st.stm32cube.ide.mcu.externaltools.gnu-tools-for-stm32.9-2020-q2-update.linux64_2.0.0.202105311346/tools/bin/../lib/gcc/arm-none-eabi/9.3.1/../../../../arm-none-eabi/lib/thumb/v7e-m+fp/hard/libc_nano.a(lib_a-wsetup.o)
                0x000000000800f79c                __swsetup_r
 .text.__assert_func
                0x000000000800f878       0x3c /opt/st/stm32cubeide_1.8.0/plugins/com.st.stm32cube.ide.mcu.externaltools.gnu-tools-for-stm32.9-2020-q2-update.linux64_2.0.0.202105311346/tools/bin/../lib/gcc/arm-none-eabi/9.3.1/../../../../arm-none-eabi/lib/thumb/v7e-m+fp/hard/libc_nano.a(lib_a-assert.o)
                0x000000000800f878                __assert_func
 .text.quorem   0x000000000800f8b4      0x116 /opt/st/stm32cubeide_1.8.0/plugins/com.st.stm32cube.ide.mcu.externaltools.gnu-tools-for-stm32.9-2020-q2-update.linux64_2.0.0.202105311346/tools/bin/../lib/gcc/arm-none-eabi/9.3.1/../../../../arm-none-eabi/lib/thumb/v7e-m+fp/hard/libc_nano.a(lib_a-dtoa.o)
 *fill*         0x000000000800f9ca        0x6 
 .text._dtoa_r  0x000000000800f9d0      0xbd8 /opt/st/stm32cubeide_1.8.0/plugins/com.st.stm32cube.ide.mcu.externaltools.gnu-tools-for-stm32.9-2020-q2-update.linux64_2.0.0.202105311346/tools/bin/../lib/gcc/arm-none-eabi/9.3.1/../../../../arm-none-eabi/lib/thumb/v7e-m+fp/hard/libc_nano.a(lib_a-dtoa.o)
                0x000000000800f9d0                _dtoa_r
 .text.__sflush_r
                0x00000000080105a8      0x10c /opt/st/stm32cubeide_1.8.0/plugins/com.st.stm32cube.ide.mcu.externaltools.gnu-tools-for-stm32.9-2020-q2-update.linux64_2.0.0.202105311346/tools/bin/../lib/gcc/arm-none-eabi/9.3.1/../../../../arm-none-eabi/lib/thumb/v7e-m+fp/hard/libc_nano.a(lib_a-fflush.o)
                0x00000000080105a8                __sflush_r
 .text._fflush_r
                0x00000000080106b4       0x78 /opt/st/stm32cubeide_1.8.0/plugins/com.st.stm32cube.ide.mcu.externaltools.gnu-tools-for-stm32.9-2020-q2-update.linux64_2.0.0.202105311346/tools/bin/../lib/gcc/arm-none-eabi/9.3.1/../../../../arm-none-eabi/lib/thumb/v7e-m+fp/hard/libc_nano.a(lib_a-fflush.o)
                0x00000000080106b4                _fflush_r
 .text.std      0x000000000801072c       0x48 /opt/st/stm32cubeide_1.8.0/plugins/com.st.stm32cube.ide.mcu.externaltools.gnu-tools-for-stm32.9-2020-q2-update.linux64_2.0.0.202105311346/tools/bin/../lib/gcc/arm-none-eabi/9.3.1/../../../../arm-none-eabi/lib/thumb/v7e-m+fp/hard/libc_nano.a(lib_a-findfp.o)
 .text._cleanup_r
                0x0000000008010774        0xc /opt/st/stm32cubeide_1.8.0/plugins/com.st.stm32cube.ide.mcu.externaltools.gnu-tools-for-stm32.9-2020-q2-update.linux64_2.0.0.202105311346/tools/bin/../lib/gcc/arm-none-eabi/9.3.1/../../../../arm-none-eabi/lib/thumb/v7e-m+fp/hard/libc_nano.a(lib_a-findfp.o)
                0x0000000008010774                _cleanup_r
 .text.__sfmoreglue
                0x0000000008010780       0x2c /opt/st/stm32cubeide_1.8.0/plugins/com.st.stm32cube.ide.mcu.externaltools.gnu-tools-for-stm32.9-2020-q2-update.linux64_2.0.0.202105311346/tools/bin/../lib/gcc/arm-none-eabi/9.3.1/../../../../arm-none-eabi/lib/thumb/v7e-m+fp/hard/libc_nano.a(lib_a-findfp.o)
                0x0000000008010780                __sfmoreglue
 .text.__sfp_lock_acquire
                0x00000000080107ac        0xc /opt/st/stm32cubeide_1.8.0/plugins/com.st.stm32cube.ide.mcu.externaltools.gnu-tools-for-stm32.9-2020-q2-update.linux64_2.0.0.202105311346/tools/bin/../lib/gcc/arm-none-eabi/9.3.1/../../../../arm-none-eabi/lib/thumb/v7e-m+fp/hard/libc_nano.a(lib_a-findfp.o)
                0x00000000080107ac                __sfp_lock_acquire
 .text.__sfp_lock_release
                0x00000000080107b8        0xc /opt/st/stm32cubeide_1.8.0/plugins/com.st.stm32cube.ide.mcu.externaltools.gnu-tools-for-stm32.9-2020-q2-update.linux64_2.0.0.202105311346/tools/bin/../lib/gcc/arm-none-eabi/9.3.1/../../../../arm-none-eabi/lib/thumb/v7e-m+fp/hard/libc_nano.a(lib_a-findfp.o)
                0x00000000080107b8                __sfp_lock_release
 .text.__sinit_lock_acquire
                0x00000000080107c4        0xc /opt/st/stm32cubeide_1.8.0/plugins/com.st.stm32cube.ide.mcu.externaltools.gnu-tools-for-stm32.9-2020-q2-update.linux64_2.0.0.202105311346/tools/bin/../lib/gcc/arm-none-eabi/9.3.1/../../../../arm-none-eabi/lib/thumb/v7e-m+fp/hard/libc_nano.a(lib_a-findfp.o)
                0x00000000080107c4                __sinit_lock_acquire
 .text.__sinit_lock_release
                0x00000000080107d0        0xc /opt/st/stm32cubeide_1.8.0/plugins/com.st.stm32cube.ide.mcu.externaltools.gnu-tools-for-stm32.9-2020-q2-update.linux64_2.0.0.202105311346/tools/bin/../lib/gcc/arm-none-eabi/9.3.1/../../../../arm-none-eabi/lib/thumb/v7e-m+fp/hard/libc_nano.a(lib_a-findfp.o)
                0x00000000080107d0                __sinit_lock_release
 .text.__sinit  0x00000000080107dc       0x70 /opt/st/stm32cubeide_1.8.0/plugins/com.st.stm32cube.ide.mcu.externaltools.gnu-tools-for-stm32.9-2020-q2-update.linux64_2.0.0.202105311346/tools/bin/../lib/gcc/arm-none-eabi/9.3.1/../../../../arm-none-eabi/lib/thumb/v7e-m+fp/hard/libc_nano.a(lib_a-findfp.o)
                0x00000000080107dc                __sinit
 .text.__sfp    0x000000000801084c       0x8c /opt/st/stm32cubeide_1.8.0/plugins/com.st.stm32cube.ide.mcu.externaltools.gnu-tools-for-stm32.9-2020-q2-update.linux64_2.0.0.202105311346/tools/bin/../lib/gcc/arm-none-eabi/9.3.1/../../../../arm-none-eabi/lib/thumb/v7e-m+fp/hard/libc_nano.a(lib_a-findfp.o)
                0x000000000801084c                __sfp
 .text.fprintf  0x00000000080108d8       0x24 /opt/st/stm32cubeide_1.8.0/plugins/com.st.stm32cube.ide.mcu.externaltools.gnu-tools-for-stm32.9-2020-q2-update.linux64_2.0.0.202105311346/tools/bin/../lib/gcc/arm-none-eabi/9.3.1/../../../../arm-none-eabi/lib/thumb/v7e-m+fp/hard/libc_nano.a(lib_a-fprintf.o)
                0x00000000080108d8                fprintf
                0x00000000080108d8                fiprintf
 .text._fwalk_reent
                0x00000000080108fc       0x3e /opt/st/stm32cubeide_1.8.0/plugins/com.st.stm32cube.ide.mcu.externaltools.gnu-tools-for-stm32.9-2020-q2-update.linux64_2.0.0.202105311346/tools/bin/../lib/gcc/arm-none-eabi/9.3.1/../../../../arm-none-eabi/lib/thumb/v7e-m+fp/hard/libc_nano.a(lib_a-fwalk.o)
                0x00000000080108fc                _fwalk_reent
 .text.rshift   0x000000000801093a       0xa4 /opt/st/stm32cubeide_1.8.0/plugins/com.st.stm32cube.ide.mcu.externaltools.gnu-tools-for-stm32.9-2020-q2-update.linux64_2.0.0.202105311346/tools/bin/../lib/gcc/arm-none-eabi/9.3.1/../../../../arm-none-eabi/lib/thumb/v7e-m+fp/hard/libc_nano.a(lib_a-gdtoa-gethex.o)
 .text.__hexdig_fun
                0x00000000080109de       0x2a /opt/st/stm32cubeide_1.8.0/plugins/com.st.stm32cube.ide.mcu.externaltools.gnu-tools-for-stm32.9-2020-q2-update.linux64_2.0.0.202105311346/tools/bin/../lib/gcc/arm-none-eabi/9.3.1/../../../../arm-none-eabi/lib/thumb/v7e-m+fp/hard/libc_nano.a(lib_a-gdtoa-gethex.o)
                0x00000000080109de                __hexdig_fun
 .text.__gethex
                0x0000000008010a08      0x48c /opt/st/stm32cubeide_1.8.0/plugins/com.st.stm32cube.ide.mcu.externaltools.gnu-tools-for-stm32.9-2020-q2-update.linux64_2.0.0.202105311346/tools/bin/../lib/gcc/arm-none-eabi/9.3.1/../../../../arm-none-eabi/lib/thumb/v7e-m+fp/hard/libc_nano.a(lib_a-gdtoa-gethex.o)
                0x0000000008010a08                __gethex
 .text.L_shift  0x0000000008010e94       0x24 /opt/st/stm32cubeide_1.8.0/plugins/com.st.stm32cube.ide.mcu.externaltools.gnu-tools-for-stm32.9-2020-q2-update.linux64_2.0.0.202105311346/tools/bin/../lib/gcc/arm-none-eabi/9.3.1/../../../../arm-none-eabi/lib/thumb/v7e-m+fp/hard/libc_nano.a(lib_a-gdtoa-hexnan.o)
 .text.__match  0x0000000008010eb8       0x28 /opt/st/stm32cubeide_1.8.0/plugins/com.st.stm32cube.ide.mcu.externaltools.gnu-tools-for-stm32.9-2020-q2-update.linux64_2.0.0.202105311346/tools/bin/../lib/gcc/arm-none-eabi/9.3.1/../../../../arm-none-eabi/lib/thumb/v7e-m+fp/hard/libc_nano.a(lib_a-gdtoa-hexnan.o)
                0x0000000008010eb8                __match
 .text.__hexnan
                0x0000000008010ee0      0x138 /opt/st/stm32cubeide_1.8.0/plugins/com.st.stm32cube.ide.mcu.externaltools.gnu-tools-for-stm32.9-2020-q2-update.linux64_2.0.0.202105311346/tools/bin/../lib/gcc/arm-none-eabi/9.3.1/../../../../arm-none-eabi/lib/thumb/v7e-m+fp/hard/libc_nano.a(lib_a-gdtoa-hexnan.o)
                0x0000000008010ee0                __hexnan
 .text._localeconv_r
                0x0000000008011018        0x8 /opt/st/stm32cubeide_1.8.0/plugins/com.st.stm32cube.ide.mcu.externaltools.gnu-tools-for-stm32.9-2020-q2-update.linux64_2.0.0.202105311346/tools/bin/../lib/gcc/arm-none-eabi/9.3.1/../../../../arm-none-eabi/lib/thumb/v7e-m+fp/hard/libc_nano.a(lib_a-localeconv.o)
                0x0000000008011018                _localeconv_r
 .text.__retarget_lock_init_recursive
                0x0000000008011020        0x2 /opt/st/stm32cubeide_1.8.0/plugins/com.st.stm32cube.ide.mcu.externaltools.gnu-tools-for-stm32.9-2020-q2-update.linux64_2.0.0.202105311346/tools/bin/../lib/gcc/arm-none-eabi/9.3.1/../../../../arm-none-eabi/lib/thumb/v7e-m+fp/hard/libc_nano.a(lib_a-lock.o)
                0x0000000008011020                __retarget_lock_init_recursive
 .text.__retarget_lock_acquire_recursive
                0x0000000008011022        0x2 /opt/st/stm32cubeide_1.8.0/plugins/com.st.stm32cube.ide.mcu.externaltools.gnu-tools-for-stm32.9-2020-q2-update.linux64_2.0.0.202105311346/tools/bin/../lib/gcc/arm-none-eabi/9.3.1/../../../../arm-none-eabi/lib/thumb/v7e-m+fp/hard/libc_nano.a(lib_a-lock.o)
                0x0000000008011022                __retarget_lock_acquire_recursive
 .text.__retarget_lock_release_recursive
                0x0000000008011024        0x2 /opt/st/stm32cubeide_1.8.0/plugins/com.st.stm32cube.ide.mcu.externaltools.gnu-tools-for-stm32.9-2020-q2-update.linux64_2.0.0.202105311346/tools/bin/../lib/gcc/arm-none-eabi/9.3.1/../../../../arm-none-eabi/lib/thumb/v7e-m+fp/hard/libc_nano.a(lib_a-lock.o)
                0x0000000008011024                __retarget_lock_release_recursive
 .text.__swhatbuf_r
                0x0000000008011026       0x48 /opt/st/stm32cubeide_1.8.0/plugins/com.st.stm32cube.ide.mcu.externaltools.gnu-tools-for-stm32.9-2020-q2-update.linux64_2.0.0.202105311346/tools/bin/../lib/gcc/arm-none-eabi/9.3.1/../../../../arm-none-eabi/lib/thumb/v7e-m+fp/hard/libc_nano.a(lib_a-makebuf.o)
                0x0000000008011026                __swhatbuf_r
 *fill*         0x000000000801106e        0x2 
 .text.__smakebuf_r
                0x0000000008011070       0x80 /opt/st/stm32cubeide_1.8.0/plugins/com.st.stm32cube.ide.mcu.externaltools.gnu-tools-for-stm32.9-2020-q2-update.linux64_2.0.0.202105311346/tools/bin/../lib/gcc/arm-none-eabi/9.3.1/../../../../arm-none-eabi/lib/thumb/v7e-m+fp/hard/libc_nano.a(lib_a-makebuf.o)
                0x0000000008011070                __smakebuf_r
 .text.__ascii_mbtowc
                0x00000000080110f0       0x24 /opt/st/stm32cubeide_1.8.0/plugins/com.st.stm32cube.ide.mcu.externaltools.gnu-tools-for-stm32.9-2020-q2-update.linux64_2.0.0.202105311346/tools/bin/../lib/gcc/arm-none-eabi/9.3.1/../../../../arm-none-eabi/lib/thumb/v7e-m+fp/hard/libc_nano.a(lib_a-mbtowc_r.o)
                0x00000000080110f0                __ascii_mbtowc
 .text.memcpy   0x0000000008011114       0x1c /opt/st/stm32cubeide_1.8.0/plugins/com.st.stm32cube.ide.mcu.externaltools.gnu-tools-for-stm32.9-2020-q2-update.linux64_2.0.0.202105311346/tools/bin/../lib/gcc/arm-none-eabi/9.3.1/../../../../arm-none-eabi/lib/thumb/v7e-m+fp/hard/libc_nano.a(lib_a-memcpy-stub.o)
                0x0000000008011114                memcpy
 .text.__malloc_lock
                0x0000000008011130        0xc /opt/st/stm32cubeide_1.8.0/plugins/com.st.stm32cube.ide.mcu.externaltools.gnu-tools-for-stm32.9-2020-q2-update.linux64_2.0.0.202105311346/tools/bin/../lib/gcc/arm-none-eabi/9.3.1/../../../../arm-none-eabi/lib/thumb/v7e-m+fp/hard/libc_nano.a(lib_a-mlock.o)
                0x0000000008011130                __malloc_lock
 .text.__malloc_unlock
                0x000000000801113c        0xc /opt/st/stm32cubeide_1.8.0/plugins/com.st.stm32cube.ide.mcu.externaltools.gnu-tools-for-stm32.9-2020-q2-update.linux64_2.0.0.202105311346/tools/bin/../lib/gcc/arm-none-eabi/9.3.1/../../../../arm-none-eabi/lib/thumb/v7e-m+fp/hard/libc_nano.a(lib_a-mlock.o)
                0x000000000801113c                __malloc_unlock
 .text._Balloc  0x0000000008011148       0x80 /opt/st/stm32cubeide_1.8.0/plugins/com.st.stm32cube.ide.mcu.externaltools.gnu-tools-for-stm32.9-2020-q2-update.linux64_2.0.0.202105311346/tools/bin/../lib/gcc/arm-none-eabi/9.3.1/../../../../arm-none-eabi/lib/thumb/v7e-m+fp/hard/libc_nano.a(lib_a-mprec.o)
                0x0000000008011148                _Balloc
 .text._Bfree   0x00000000080111c8       0x44 /opt/st/stm32cubeide_1.8.0/plugins/com.st.stm32cube.ide.mcu.externaltools.gnu-tools-for-stm32.9-2020-q2-update.linux64_2.0.0.202105311346/tools/bin/../lib/gcc/arm-none-eabi/9.3.1/../../../../arm-none-eabi/lib/thumb/v7e-m+fp/hard/libc_nano.a(lib_a-mprec.o)
                0x00000000080111c8                _Bfree
 .text.__multadd
                0x000000000801120c       0x94 /opt/st/stm32cubeide_1.8.0/plugins/com.st.stm32cube.ide.mcu.externaltools.gnu-tools-for-stm32.9-2020-q2-update.linux64_2.0.0.202105311346/tools/bin/../lib/gcc/arm-none-eabi/9.3.1/../../../../arm-none-eabi/lib/thumb/v7e-m+fp/hard/libc_nano.a(lib_a-mprec.o)
                0x000000000801120c                __multadd
 .text.__s2b    0x00000000080112a0       0x94 /opt/st/stm32cubeide_1.8.0/plugins/com.st.stm32cube.ide.mcu.externaltools.gnu-tools-for-stm32.9-2020-q2-update.linux64_2.0.0.202105311346/tools/bin/../lib/gcc/arm-none-eabi/9.3.1/../../../../arm-none-eabi/lib/thumb/v7e-m+fp/hard/libc_nano.a(lib_a-mprec.o)
                0x00000000080112a0                __s2b
 .text.__hi0bits
                0x0000000008011334       0x40 /opt/st/stm32cubeide_1.8.0/plugins/com.st.stm32cube.ide.mcu.externaltools.gnu-tools-for-stm32.9-2020-q2-update.linux64_2.0.0.202105311346/tools/bin/../lib/gcc/arm-none-eabi/9.3.1/../../../../arm-none-eabi/lib/thumb/v7e-m+fp/hard/libc_nano.a(lib_a-mprec.o)
                0x0000000008011334                __hi0bits
 .text.__lo0bits
                0x0000000008011374       0x60 /opt/st/stm32cubeide_1.8.0/plugins/com.st.stm32cube.ide.mcu.externaltools.gnu-tools-for-stm32.9-2020-q2-update.linux64_2.0.0.202105311346/tools/bin/../lib/gcc/arm-none-eabi/9.3.1/../../../../arm-none-eabi/lib/thumb/v7e-m+fp/hard/libc_nano.a(lib_a-mprec.o)
                0x0000000008011374                __lo0bits
 .text.__i2b    0x00000000080113d4       0x2c /opt/st/stm32cubeide_1.8.0/plugins/com.st.stm32cube.ide.mcu.externaltools.gnu-tools-for-stm32.9-2020-q2-update.linux64_2.0.0.202105311346/tools/bin/../lib/gcc/arm-none-eabi/9.3.1/../../../../arm-none-eabi/lib/thumb/v7e-m+fp/hard/libc_nano.a(lib_a-mprec.o)
                0x00000000080113d4                __i2b
 .text.__multiply
                0x0000000008011400      0x14c /opt/st/stm32cubeide_1.8.0/plugins/com.st.stm32cube.ide.mcu.externaltools.gnu-tools-for-stm32.9-2020-q2-update.linux64_2.0.0.202105311346/tools/bin/../lib/gcc/arm-none-eabi/9.3.1/../../../../arm-none-eabi/lib/thumb/v7e-m+fp/hard/libc_nano.a(lib_a-mprec.o)
                0x0000000008011400                __multiply
 .text.__pow5mult
                0x000000000801154c       0xb4 /opt/st/stm32cubeide_1.8.0/plugins/com.st.stm32cube.ide.mcu.externaltools.gnu-tools-for-stm32.9-2020-q2-update.linux64_2.0.0.202105311346/tools/bin/../lib/gcc/arm-none-eabi/9.3.1/../../../../arm-none-eabi/lib/thumb/v7e-m+fp/hard/libc_nano.a(lib_a-mprec.o)
                0x000000000801154c                __pow5mult
 .text.__lshift
                0x0000000008011600       0xd8 /opt/st/stm32cubeide_1.8.0/plugins/com.st.stm32cube.ide.mcu.externaltools.gnu-tools-for-stm32.9-2020-q2-update.linux64_2.0.0.202105311346/tools/bin/../lib/gcc/arm-none-eabi/9.3.1/../../../../arm-none-eabi/lib/thumb/v7e-m+fp/hard/libc_nano.a(lib_a-mprec.o)
                0x0000000008011600                __lshift
 .text.__mcmp   0x00000000080116d8       0x38 /opt/st/stm32cubeide_1.8.0/plugins/com.st.stm32cube.ide.mcu.externaltools.gnu-tools-for-stm32.9-2020-q2-update.linux64_2.0.0.202105311346/tools/bin/../lib/gcc/arm-none-eabi/9.3.1/../../../../arm-none-eabi/lib/thumb/v7e-m+fp/hard/libc_nano.a(lib_a-mprec.o)
                0x00000000080116d8                __mcmp
 .text.__mdiff  0x0000000008011710      0x110 /opt/st/stm32cubeide_1.8.0/plugins/com.st.stm32cube.ide.mcu.externaltools.gnu-tools-for-stm32.9-2020-q2-update.linux64_2.0.0.202105311346/tools/bin/../lib/gcc/arm-none-eabi/9.3.1/../../../../arm-none-eabi/lib/thumb/v7e-m+fp/hard/libc_nano.a(lib_a-mprec.o)
                0x0000000008011710                __mdiff
 .text.__ulp    0x0000000008011820       0x58 /opt/st/stm32cubeide_1.8.0/plugins/com.st.stm32cube.ide.mcu.externaltools.gnu-tools-for-stm32.9-2020-q2-update.linux64_2.0.0.202105311346/tools/bin/../lib/gcc/arm-none-eabi/9.3.1/../../../../arm-none-eabi/lib/thumb/v7e-m+fp/hard/libc_nano.a(lib_a-mprec.o)
                0x0000000008011820                __ulp
 .text.__b2d    0x0000000008011878       0xa0 /opt/st/stm32cubeide_1.8.0/plugins/com.st.stm32cube.ide.mcu.externaltools.gnu-tools-for-stm32.9-2020-q2-update.linux64_2.0.0.202105311346/tools/bin/../lib/gcc/arm-none-eabi/9.3.1/../../../../arm-none-eabi/lib/thumb/v7e-m+fp/hard/libc_nano.a(lib_a-mprec.o)
                0x0000000008011878                __b2d
 .text.__d2b    0x0000000008011918       0xb8 /opt/st/stm32cubeide_1.8.0/plugins/com.st.stm32cube.ide.mcu.externaltools.gnu-tools-for-stm32.9-2020-q2-update.linux64_2.0.0.202105311346/tools/bin/../lib/gcc/arm-none-eabi/9.3.1/../../../../arm-none-eabi/lib/thumb/v7e-m+fp/hard/libc_nano.a(lib_a-mprec.o)
                0x0000000008011918                __d2b
 .text.__ratio  0x00000000080119d0       0x66 /opt/st/stm32cubeide_1.8.0/plugins/com.st.stm32cube.ide.mcu.externaltools.gnu-tools-for-stm32.9-2020-q2-update.linux64_2.0.0.202105311346/tools/bin/../lib/gcc/arm-none-eabi/9.3.1/../../../../arm-none-eabi/lib/thumb/v7e-m+fp/hard/libc_nano.a(lib_a-mprec.o)
                0x00000000080119d0                __ratio
 .text.__copybits
                0x0000000008011a36       0x46 /opt/st/stm32cubeide_1.8.0/plugins/com.st.stm32cube.ide.mcu.externaltools.gnu-tools-for-stm32.9-2020-q2-update.linux64_2.0.0.202105311346/tools/bin/../lib/gcc/arm-none-eabi/9.3.1/../../../../arm-none-eabi/lib/thumb/v7e-m+fp/hard/libc_nano.a(lib_a-mprec.o)
                0x0000000008011a36                __copybits
 .text.__any_on