stn1110.cpp:26:6:bool STN1110::begin(UART_HandleTypeDef*, const bool&, const uint16_t&, const char&, const uint16_t&, const int8_t&)	24	static
stn1110.cpp:89:6:bool STN1110::initializeELM(const char&, const int8_t&)	40	static
stn1110.cpp:192:6:void STN1110::formatQueryArray(uint8_t, uint16_t)	16	static
stn1110.cpp:263:6:void STN1110::upper(char*, uint8_t)	32	static
stn1110.cpp:292:6:bool STN1110::timeout()	16	static
stn1110.cpp:318:9:uint8_t STN1110::ctoi(uint8_t)	16	static
stn1110.cpp:351:8:int8_t STN1110::nextIndex(const char*, const char*, uint8_t)	40	static
stn1110.cpp:381:7:float STN1110::conditionResponse(const uint64_t&, const uint8_t&, const float&, const float&)	40	static
stn1110.cpp:404:6:void STN1110::flushInputBuff()	24	static
stn1110.cpp:438:6:bool STN1110::queryPID(uint8_t, uint16_t)	16	static
stn1110.cpp:465:6:bool STN1110::queryPID(char*)	16	static
stn1110.cpp:495:10:uint32_t STN1110::supportedPIDs_1_20()	48	static
stn1110.cpp:523:10:uint32_t STN1110::monitorStatus()	48	static
stn1110.cpp:549:10:uint16_t STN1110::freezeDTC()	48	static
stn1110.cpp:575:10:uint16_t STN1110::fuelSystemStatus()	48	static
stn1110.cpp:601:7:float STN1110::engineLoad()	48	static
stn1110.cpp:627:7:float STN1110::engineCoolantTemp()	48	static
stn1110.cpp:653:7:float STN1110::shortTermFuelTrimBank_1()	48	static
stn1110.cpp:679:7:float STN1110::longTermFuelTrimBank_1()	48	static
stn1110.cpp:705:7:float STN1110::shortTermFuelTrimBank_2()	48	static
stn1110.cpp:731:7:float STN1110::longTermFuelTrimBank_2()	48	static
stn1110.cpp:757:7:float STN1110::fuelPressure()	48	static
stn1110.cpp:783:9:uint8_t STN1110::manifoldPressure()	48	static
stn1110.cpp:809:7:float STN1110::rpm()	48	static
stn1110.cpp:835:9:int32_t STN1110::kph()	48	static
stn1110.cpp:861:7:float STN1110::mph()	24	static
stn1110.cpp:889:7:float STN1110::timingAdvance()	48	static
stn1110.cpp:915:7:float STN1110::intakeAirTemp()	48	static
stn1110.cpp:941:7:float STN1110::mafRate()	48	static
stn1110.cpp:967:7:float STN1110::throttle()	48	static
stn1110.cpp:993:9:uint8_t STN1110::commandedSecAirStatus()	48	static
stn1110.cpp:1019:9:uint8_t STN1110::oxygenSensorsPresent_2banks()	48	static
stn1110.cpp:1045:9:uint8_t STN1110::obdStandards()	48	static
stn1110.cpp:1071:9:uint8_t STN1110::oxygenSensorsPresent_4banks()	48	static
stn1110.cpp:1097:6:bool STN1110::auxInputStatus()	48	static
stn1110.cpp:1123:10:uint16_t STN1110::runTime()	48	static
stn1110.cpp:1149:10:uint32_t STN1110::supportedPIDs_21_40()	48	static
stn1110.cpp:1175:10:uint16_t STN1110::distTravelWithMIL()	48	static
stn1110.cpp:1201:7:float STN1110::fuelRailPressure()	48	static
stn1110.cpp:1227:7:float STN1110::fuelRailGuagePressure()	48	static
stn1110.cpp:1253:7:float STN1110::commandedEGR()	48	static
stn1110.cpp:1279:7:float STN1110::egrError()	48	static
stn1110.cpp:1305:7:float STN1110::commandedEvapPurge()	48	static
stn1110.cpp:1331:7:float STN1110::fuelLevel()	48	static
stn1110.cpp:1357:9:uint8_t STN1110::warmUpsSinceCodesCleared()	48	static
stn1110.cpp:1383:10:uint16_t STN1110::distSinceCodesCleared()	48	static
stn1110.cpp:1409:7:float STN1110::evapSysVapPressure()	48	static
stn1110.cpp:1435:9:uint8_t STN1110::absBaroPressure()	48	static
stn1110.cpp:1461:7:float STN1110::catTempB1S1()	48	static
stn1110.cpp:1487:7:float STN1110::catTempB2S1()	48	static
stn1110.cpp:1513:7:float STN1110::catTempB1S2()	48	static
stn1110.cpp:1539:7:float STN1110::catTempB2S2()	48	static
stn1110.cpp:1565:10:uint32_t STN1110::supportedPIDs_41_60()	48	static
stn1110.cpp:1591:10:uint32_t STN1110::monitorDriveCycleStatus()	48	static
stn1110.cpp:1617:7:float STN1110::ctrlModVoltage()	48	static
stn1110.cpp:1643:7:float STN1110::absLoad()	48	static
stn1110.cpp:1669:7:float STN1110::commandedAirFuelRatio()	48	static
stn1110.cpp:1695:7:float STN1110::relativeThrottle()	48	static
stn1110.cpp:1721:7:float STN1110::ambientAirTemp()	48	static
stn1110.cpp:1747:7:float STN1110::absThrottlePosB()	48	static
stn1110.cpp:1773:7:float STN1110::absThrottlePosC()	48	static
stn1110.cpp:1799:7:float STN1110::absThrottlePosD()	48	static
stn1110.cpp:1825:7:float STN1110::absThrottlePosE()	48	static
stn1110.cpp:1851:7:float STN1110::absThrottlePosF()	48	static
stn1110.cpp:1877:7:float STN1110::commandedThrottleActuator()	48	static
stn1110.cpp:1903:10:uint16_t STN1110::timeRunWithMIL()	48	static
stn1110.cpp:1929:10:uint16_t STN1110::timeSinceCodesCleared()	48	static
stn1110.cpp:1955:7:float STN1110::maxMafRate()	48	static
stn1110.cpp:1981:9:uint8_t STN1110::fuelType()	48	static
stn1110.cpp:2007:7:float STN1110::ethonolPercent()	48	static
stn1110.cpp:2033:7:float STN1110::absEvapSysVapPressure()	48	static
stn1110.cpp:2059:7:float STN1110::evapSysVapPressure2()	48	static
stn1110.cpp:2085:7:float STN1110::absFuelRailPressure()	48	static
stn1110.cpp:2111:7:float STN1110::relativePedalPos()	48	static
stn1110.cpp:2137:7:float STN1110::hybridBatLife()	48	static
stn1110.cpp:2163:7:float STN1110::oilTemp()	48	static
stn1110.cpp:2189:7:float STN1110::fuelInjectTiming()	48	static
stn1110.cpp:2215:7:float STN1110::fuelRate()	48	static
stn1110.cpp:2241:9:uint8_t STN1110::emissionRqmts()	48	static
stn1110.cpp:2267:10:uint32_t STN1110::supportedPIDs_61_80()	48	static
stn1110.cpp:2293:7:float STN1110::demandedTorque()	48	static
stn1110.cpp:2319:7:float STN1110::torque()	48	static
stn1110.cpp:2345:10:uint16_t STN1110::referenceTorque()	48	static
stn1110.cpp:2371:10:uint16_t STN1110::auxSupported()	48	static
stn1110.cpp:2405:8:int8_t STN1110::sendCommand(const char*)	24	static
stn1110.cpp:2610:10:uint64_t STN1110::findResponse()	48	static
stn1110.cpp:2736:6:void STN1110::printError(int8_t)	16	static
